Component: ARM Compiler 5.06 update 6 (build 750) Tool: armlink [4d35ed]

==============================================================================

Section Cross References

    main.o(i.assert_failed) refers to _printf_percent.o(.ARM.Collect$$_printf_percent$$00000000) for _printf_percent
    main.o(i.assert_failed) refers to _printf_d.o(.ARM.Collect$$_printf_percent$$00000009) for _printf_d
    main.o(i.assert_failed) refers to _printf_s.o(.ARM.Collect$$_printf_percent$$00000014) for _printf_s
    main.o(i.assert_failed) refers to _printf_dec.o(.text) for _printf_int_dec
    main.o(i.assert_failed) refers to _printf_str.o(.text) for _printf_str
    main.o(i.assert_failed) refers to noretval__2printf.o(.text) for __2printf
    main.o(i.main) refers to usart.o(i.USART1_Init) for USART1_Init
    main.o(i.main) refers to timer.o(i.TIM4_Init) for TIM4_Init
    main.o(i.main) refers to timer.o(i.TIM4_NVIC_Config) for TIM4_NVIC_Config
    main.o(i.main) refers to demo.o(i.LED_Init) for LED_Init
    main.o(i.main) refers to noretval__2printf.o(.text) for __2printf
    main.o(i.main) refers to soft_timer.o(i.softTimer_Start) for softTimer_Start
    main.o(i.main) refers to soft_timer.o(i.softTimer_Update) for softTimer_Update
    main.o(i.main) refers to soft_timer.o(i.softTimer_GetState) for softTimer_GetState
    main.o(i.main) refers to demo.o(i.LED1_On) for LED1_On
    main.o(i.main) refers to main.o(.data) for data
    main.o(i.main) refers to demo.o(i.stringPrint) for stringPrint
    main.o(i.main) refers to demo.o(i.LED0_Twinkling) for LED0_Twinkling
    main.o(i.main) refers to demo.o(i.nop) for nop
    soft_timer.o(i.softTimer_GetState) refers to soft_timer.o(.bss) for timer
    soft_timer.o(i.softTimer_Init) refers to soft_timer.o(.bss) for timer
    soft_timer.o(i.softTimer_Start) refers to main.o(i.assert_failed) for assert_failed
    soft_timer.o(i.softTimer_Start) refers to soft_timer.o(i.tickCnt_Get) for tickCnt_Get
    soft_timer.o(i.softTimer_Start) refers to soft_timer.o(.bss) for timer
    soft_timer.o(i.softTimer_Stop) refers to main.o(i.assert_failed) for assert_failed
    soft_timer.o(i.softTimer_Stop) refers to soft_timer.o(.bss) for timer
    soft_timer.o(i.softTimer_Update) refers to _printf_percent.o(.ARM.Collect$$_printf_percent$$00000000) for _printf_percent
    soft_timer.o(i.softTimer_Update) refers to _printf_d.o(.ARM.Collect$$_printf_percent$$00000009) for _printf_d
    soft_timer.o(i.softTimer_Update) refers to _printf_dec.o(.text) for _printf_int_dec
    soft_timer.o(i.softTimer_Update) refers to soft_timer.o(i.tickCnt_Get) for tickCnt_Get
    soft_timer.o(i.softTimer_Update) refers to noretval__2printf.o(.text) for __2printf
    soft_timer.o(i.softTimer_Update) refers to soft_timer.o(.bss) for timer
    soft_timer.o(i.tickCnt_Get) refers to soft_timer.o(.data) for tickCnt
    soft_timer.o(i.tickCnt_Update) refers to soft_timer.o(.data) for tickCnt
    stm32f10x_it.o(i.TIM4_IRQHandler) refers to stm32f10x_tim.o(i.TIM_GetITStatus) for TIM_GetITStatus
    stm32f10x_it.o(i.TIM4_IRQHandler) refers to stm32f10x_tim.o(i.TIM_ClearITPendingBit) for TIM_ClearITPendingBit
    stm32f10x_it.o(i.TIM4_IRQHandler) refers to soft_timer.o(i.tickCnt_Update) for tickCnt_Update
    debug.o(i._sys_exit) refers (Special) to use_no_semi_2.o(.text) for __use_no_semihosting
    debug.o(i._ttywrch) refers (Special) to use_no_semi_2.o(.text) for __use_no_semihosting
    debug.o(i.fputc) refers (Special) to use_no_semi_2.o(.text) for __use_no_semihosting
    debug.o(.data) refers (Special) to use_no_semi_2.o(.text) for __use_no_semihosting
    demo.o(i.LED0_Twinkling) refers to stm32f10x_gpio.o(i.GPIO_ResetBits) for GPIO_ResetBits
    demo.o(i.LED0_Twinkling) refers to stm32f10x_gpio.o(i.GPIO_SetBits) for GPIO_SetBits
    demo.o(i.LED0_Twinkling) refers to demo.o(.data) for on
    demo.o(i.LED1_On) refers to stm32f10x_gpio.o(i.GPIO_ResetBits) for GPIO_ResetBits
    demo.o(i.LED_Init) refers to stm32f10x_rcc.o(i.RCC_APB2PeriphClockCmd) for RCC_APB2PeriphClockCmd
    demo.o(i.LED_Init) refers to stm32f10x_gpio.o(i.GPIO_Init) for GPIO_Init
    demo.o(i.LED_Init) refers to stm32f10x_gpio.o(i.GPIO_SetBits) for GPIO_SetBits
    demo.o(i.stringPrint) refers to _printf_percent.o(.ARM.Collect$$_printf_percent$$00000000) for _printf_percent
    demo.o(i.stringPrint) refers to _printf_d.o(.ARM.Collect$$_printf_percent$$00000009) for _printf_d
    demo.o(i.stringPrint) refers to _printf_dec.o(.text) for _printf_int_dec
    demo.o(i.stringPrint) refers to noretval__2printf.o(.text) for __2printf
    timer.o(i.TIM4_Init) refers to stm32f10x_rcc.o(i.RCC_APB1PeriphClockCmd) for RCC_APB1PeriphClockCmd
    timer.o(i.TIM4_Init) refers to stm32f10x_tim.o(i.TIM_TimeBaseInit) for TIM_TimeBaseInit
    timer.o(i.TIM4_Init) refers to stm32f10x_tim.o(i.TIM_ITConfig) for TIM_ITConfig
    timer.o(i.TIM4_Init) refers to stm32f10x_tim.o(i.TIM_Cmd) for TIM_Cmd
[...]
    stm32f10x_tim.o(i.TIM_SelectMasterSlaveMode) refers to main.o(i.assert_failed) for assert_failed
    stm32f10x_tim.o(i.TIM_SelectOCxM) refers to main.o(i.assert_failed) for assert_failed
    stm32f10x_tim.o(i.TIM_SelectOnePulseMode) refers to main.o(i.assert_failed) for assert_failed
    stm32f10x_tim.o(i.TIM_SelectOutputTrigger) refers to main.o(i.assert_failed) for assert_failed
    stm32f10x_tim.o(i.TIM_SelectSlaveMode) refers to main.o(i.assert_failed) for assert_failed
    stm32f10x_tim.o(i.TIM_SetAutoreload) refers to main.o(i.assert_failed) for assert_failed
    stm32f10x_tim.o(i.TIM_SetClockDivision) refers to main.o(i.assert_failed) for assert_failed
    stm32f10x_tim.o(i.TIM_SetCompare1) refers to main.o(i.assert_failed) for assert_failed
    stm32f10x_tim.o(i.TIM_SetCompare2) refers to main.o(i.assert_failed) for assert_failed
    stm32f10x_tim.o(i.TIM_SetCompare3) refers to main.o(i.assert_failed) for assert_failed
    stm32f10x_tim.o(i.TIM_SetCompare4) refers to main.o(i.assert_failed) for assert_failed
    stm32f10x_tim.o(i.TIM_SetCounter) refers to main.o(i.assert_failed) for assert_failed
    stm32f10x_tim.o(i.TIM_SetIC1Prescaler) refers to main.o(i.assert_failed) for assert_failed
    stm32f10x_tim.o(i.TIM_SetIC2Prescaler) refers to main.o(i.assert_failed) for assert_failed
    stm32f10x_tim.o(i.TIM_SetIC3Prescaler) refers to main.o(i.assert_failed) for assert_failed
    stm32f10x_tim.o(i.TIM_SetIC4Prescaler) refers to main.o(i.assert_failed) for assert_failed
    stm32f10x_tim.o(i.TIM_TIxExternalClockConfig) refers to main.o(i.assert_failed) for assert_failed
    stm32f10x_tim.o(i.TIM_TIxExternalClockConfig) refers to stm32f10x_tim.o(i.TI2_Config) for TI2_Config
    stm32f10x_tim.o(i.TIM_TIxExternalClockConfig) refers to stm32f10x_tim.o(i.TI1_Config) for TI1_Config
    stm32f10x_tim.o(i.TIM_TIxExternalClockConfig) refers to stm32f10x_tim.o(i.TIM_SelectInputTrigger) for TIM_SelectInputTrigger
    stm32f10x_tim.o(i.TIM_TimeBaseInit) refers to main.o(i.assert_failed) for assert_failed
    stm32f10x_tim.o(i.TIM_UpdateDisableConfig) refers to main.o(i.assert_failed) for assert_failed
    stm32f10x_tim.o(i.TIM_UpdateRequestConfig) refers to main.o(i.assert_failed) for assert_failed
    system_stm32f10x.o(i.SetSysClock) refers to system_stm32f10x.o(i.SetSysClockTo72) for SetSysClockTo72
    system_stm32f10x.o(i.SystemCoreClockUpdate) refers to system_stm32f10x.o(.data) for SystemCoreClock
    system_stm32f10x.o(i.SystemInit) refers to system_stm32f10x.o(i.SetSysClock) for SetSysClock
    startup_stm32f10x_md.o(STACK) refers (Special) to heapauxi.o(.text) for __use_two_region_memory
    startup_stm32f10x_md.o(HEAP) refers (Special) to heapauxi.o(.text) for __use_two_region_memory
    startup_stm32f10x_md.o(RESET) refers (Special) to heapauxi.o(.text) for __use_two_region_memory
    startup_stm32f10x_md.o(RESET) refers to startup_stm32f10x_md.o(STACK) for __initial_sp
    startup_stm32f10x_md.o(RESET) refers to startup_stm32f10x_md.o(.text) for Reset_Handler
    startup_stm32f10x_md.o(RESET) refers to stm32f10x_it.o(i.NMI_Handler) for NMI_Handler
    startup_stm32f10x_md.o(RESET) refers to stm32f10x_it.o(i.HardFault_Handler) for HardFault_Handler
    startup_stm32f10x_md.o(RESET) refers to stm32f10x_it.o(i.MemManage_Handler) for MemManage_Handler
    startup_stm32f10x_md.o(RESET) refers to stm32f10x_it.o(i.BusFault_Handler) for BusFault_Handler
    startup_stm32f10x_md.o(RESET) refers to stm32f10x_it.o(i.UsageFault_Handler) for UsageFault_Handler
    startup_stm32f10x_md.o(RESET) refers to stm32f10x_it.o(i.SVC_Handler) for SVC_Handler
    startup_stm32f10x_md.o(RESET) refers to stm32f10x_it.o(i.DebugMon_Handler) for DebugMon_Handler
    startup_stm32f10x_md.o(RESET) refers to stm32f10x_it.o(i.PendSV_Handler) for PendSV_Handler
    startup_stm32f10x_md.o(RESET) refers to stm32f10x_it.o(i.SysTick_Handler) for SysTick_Handler
    startup_stm32f10x_md.o(RESET) refers to stm32f10x_it.o(i.TIM4_IRQHandler) for TIM4_IRQHandler
    startup_stm32f10x_md.o(.text) refers (Special) to heapauxi.o(.text) for __use_two_region_memory
    startup_stm32f10x_md.o(.text) refers to system_stm32f10x.o(i.SystemInit) for SystemInit
    startup_stm32f10x_md.o(.text) refers to __main.o(!!!main) for __main
    startup_stm32f10x_md.o(.text) refers to startup_stm32f10x_md.o(HEAP) for Heap_Mem
    startup_stm32f10x_md.o(.text) refers to startup_stm32f10x_md.o(STACK) for Stack_Mem
    use_no_semi_2.o(.text) refers (Special) to use_no_semi.o(.text) for __use_no_semihosting_swi
    __2printf.o(.text) refers to _printf_char_file.o(.text) for _printf_char_file
    __2printf.o(.text) refers to debug.o(.data) for __stdout
    noretval__2printf.o(.text) refers to _printf_char_file.o(.text) for _printf_char_file
    noretval__2printf.o(.text) refers to debug.o(.data) for __stdout
    __printf.o(.text) refers to _printf_percent.o(.ARM.Collect$$_printf_percent$$00000000) for _printf_percent
    _printf_str.o(.text) refers (Special) to _printf_char.o(.text) for _printf_cs_common
    _printf_dec.o(.text) refers to _printf_intcommon.o(.text) for _printf_int_common
    __printf_flags.o(.text) refers to _printf_percent.o(.ARM.Collect$$_printf_percent$$00000000) for _printf_percent
    __printf_flags.o(.text) refers to __printf_flags.o(.constdata) for .constdata
    __printf_ss.o(.text) refers to _printf_percent.o(.ARM.Collect$$_printf_percent$$00000000) for _printf_percent
    __printf_flags_ss.o(.text) refers to _printf_percent.o(.ARM.Collect$$_printf_percent$$00000000) for _printf_percent
    __printf_flags_ss.o(.text) refers to __printf_flags_ss.o(.constdata) for .constdata
    __printf_wp.o(.text) refers to __printf_wp.o(i._is_digit) for _is_digit
    __printf_wp.o(.text) refers to _printf_percent.o(.ARM.Collect$$_printf_percent$$00000000) for _printf_percent
    __printf_flags_wp.o(.text) refers to __printf_wp.o(i._is_digit) for _is_digit
    __printf_flags_wp.o(.text) refers to _printf_percent.o(.ARM.Collect$$_printf_percent$$00000000) for _printf_percent
    __printf_flags_wp.o(.text) refers to __printf_flags_wp.o(.constdata) for .constdata
    __printf_ss_wp.o(.text) refers to __printf_wp.o(i._is_digit) for _is_digit
    __printf_ss_wp.o(.text) refers to _printf_percent.o(.ARM.Collect$$_printf_percent$$00000000) for _printf_percent
    __printf_flags_ss_wp.o(.text) refers to __printf_wp.o(i._is_digit) for _is_digit
    __printf_flags_ss_wp.o(.text) refers to _printf_percent.o(.ARM.Collect$$_printf_percent$$00000000) for _printf_percent
    __printf_flags_ss_wp.o(.text) refers to __printf_flags_ss_wp.o(.constdata) for .constdata
    _printf_s.o(.ARM.Collect$$_printf_percent$$00000014) refers (Weak) to _printf_char.o(.text) for _printf_string
    _printf_d.o(.ARM.Collect$$_printf_percent$$00000009) refers (Weak) to _printf_dec.o(.text) for _printf_int_dec
    _printf_percent.o(.ARM.Collect$$_printf_percent$$00000000) refers (Special) to _printf_percent_end.o(.ARM.Collect$$_printf_percent$$00000017) for _printf_percent_end
    __main.o(!!!main) refers to __rtentry.o(.ARM.Collect$$rtentry$$00000000) for __rt_entry
    __rtentry.o(.ARM.Collect$$rtentry$$00000000) refers (Special) to __rtentry2.o(.ARM.Collect$$rtentry$$0000000A) for __rt_entry_li
    __rtentry.o(.ARM.Collect$$rtentry$$00000000) refers (Special) to __rtentry2.o(.ARM.Collect$$rtentry$$0000000D) for __rt_entry_main
    __rtentry.o(.ARM.Collect$$rtentry$$00000000) refers (Special) to __rtentry2.o(.ARM.Collect$$rtentry$$0000000C) for __rt_entry_postli_1
    __rtentry.o(.ARM.Collect$$rtentry$$00000000) refers (Special) to __rtentry2.o(.ARM.Collect$$rtentry$$00000009) for __rt_entry_postsh_1
    __rtentry.o(.ARM.Collect$$rtentry$$00000000) refers (Special) to __rtentry2.o(.ARM.Collect$$rtentry$$00000002) for __rt_entry_presh_1
    __rtentry.o(.ARM.Collect$$rtentry$$00000000) refers (Special) to __rtentry4.o(.ARM.Collect$$rtentry$$00000004) for __rt_entry_sh
    _printf_char.o(.text) refers (Weak) to _printf_str.o(.text) for _printf_str
    _printf_char_file.o(.text) refers to _printf_char_common.o(.text) for _printf_char_common
    _printf_char_file.o(.text) refers to ferror.o(.text) for ferror
    _printf_char_file.o(.text) refers to debug.o(i.fputc) for fputc
    __rtentry2.o(.ARM.Collect$$rtentry$$00000008) refers to boardinit2.o(.text) for _platform_post_stackheap_init
    __rtentry2.o(.ARM.Collect$$rtentry$$0000000A) refers to libinit.o(.ARM.Collect$$libinit$$00000000) for __rt_lib_init
    __rtentry2.o(.ARM.Collect$$rtentry$$0000000B) refers to boardinit3.o(.text) for _platform_post_lib_init
    __rtentry2.o(.ARM.Collect$$rtentry$$0000000D) refers to main.o(i.main) for main
    __rtentry2.o(.ARM.Collect$$rtentry$$0000000D) refers to exit.o(.text) for exit
    __rtentry2.o(.ARM.exidx) refers to __rtentry2.o(.ARM.Collect$$rtentry$$00000001) for .ARM.Collect$$rtentry$$00000001
    __rtentry2.o(.ARM.exidx) refers to __rtentry2.o(.ARM.Collect$$rtentry$$00000008) for .ARM.Collect$$rtentry$$00000008
    __rtentry2.o(.ARM.exidx) refers to __rtentry2.o(.ARM.Collect$$rtentry$$0000000A) for .ARM.Collect$$rtentry$$0000000A
    __rtentry2.o(.ARM.exidx) refers to __rtentry2.o(.ARM.Collect$$rtentry$$0000000B) for .ARM.Collect$$rtentry$$0000000B
    __rtentry2.o(.ARM.exidx) refers to __rtentry2.o(.ARM.Collect$$rtentry$$0000000D) for .ARM.Collect$$rtentry$$0000000D
    __rtentry4.o(.ARM.Collect$$rtentry$$00000004) refers to sys_stackheap_outer.o(.text) for __user_setup_stackheap
    __rtentry4.o(.ARM.exidx) refers to __rtentry4.o(.ARM.Collect$$rtentry$$00000004) for .ARM.Collect$$rtentry$$00000004
    _printf_char_common.o(.text) refers to __printf.o(.text) for __printf
    sys_stackheap_outer.o(.text) refers to libspace.o(.text) for __user_perproc_libspace
    sys_stackheap_outer.o(.text) refers to startup_stm32f10x_md.o(.text) for __user_initial_stackheap
    exit.o(.text) refers to rtexit.o(.ARM.Collect$$rtexit$$00000000) for __rt_exit
    libinit.o(.ARM.Collect$$libinit$$00000000) refers (Special) to libinit2.o(.ARM.Collect$$libinit$$0000002E) for __rt_lib_init_alloca_1
    libinit.o(.ARM.Collect$$libinit$$00000000) refers (Special) to libinit2.o(.ARM.Collect$$libinit$$0000002C) for __rt_lib_init_argv_1
    libinit.o(.ARM.Collect$$libinit$$00000000) refers (Special) to libinit2.o(.ARM.Collect$$libinit$$0000001B) for __rt_lib_init_atexit_1
    libinit.o(.ARM.Collect$$libinit$$00000000) refers (Special) to libinit2.o(.ARM.Collect$$libinit$$00000021) for __rt_lib_init_clock_1
    libinit.o(.ARM.Collect$$libinit$$00000000) refers (Special) to libinit2.o(.ARM.Collect$$libinit$$00000032) for __rt_lib_init_cpp_1
    libinit.o(.ARM.Collect$$libinit$$00000000) refers (Special) to libinit2.o(.ARM.Collect$$libinit$$00000030) for __rt_lib_init_exceptions_1
    libinit.o(.ARM.Collect$$libinit$$00000000) refers (Special) to libinit2.o(.ARM.Collect$$libinit$$00000002) for __rt_lib_init_fp_1
    libinit.o(.ARM.Collect$$libinit$$00000000) refers (Special) to libinit2.o(.ARM.Collect$$libinit$$0000001F) for __rt_lib_init_fp_trap_1
    libinit.o(.ARM.Collect$$libinit$$00000000) refers (Special) to libinit2.o(.ARM.Collect$$libinit$$00000023) for __rt_lib_init_getenv_1
    libinit.o(.ARM.Collect$$libinit$$00000000) refers (Special) to libinit2.o(.ARM.Collect$$libinit$$0000000A) for __rt_lib_init_heap_1
    libinit.o(.ARM.Collect$$libinit$$00000000) refers (Special) to libinit2.o(.ARM.Collect$$libinit$$00000011) for __rt_lib_init_lc_collate_1
    libinit.o(.ARM.Collect$$libinit$$00000000) refers (Special) to libinit2.o(.ARM.Collect$$libinit$$00000013) for __rt_lib_init_lc_ctype_1
    libinit.o(.ARM.Collect$$libinit$$00000000) refers (Special) to libinit2.o(.ARM.Collect$$libinit$$00000015) for __rt_lib_init_lc_monetary_1
    libinit.o(.ARM.Collect$$libinit$$00000000) refers (Special) to libinit2.o(.ARM.Collect$$libinit$$00000017) for __rt_lib_init_lc_numeric_1
    libinit.o(.ARM.Collect$$libinit$$00000000) refers (Special) to libinit2.o(.ARM.Collect$$libinit$$00000019) for __rt_lib_init_lc_time_1
    libinit.o(.ARM.Collect$$libinit$$00000000) refers (Special) to libinit2.o(.ARM.Collect$$libinit$$00000004) for __rt_lib_init_preinit_1
    libinit.o(.ARM.Collect$$libinit$$00000000) refers (Special) to libinit2.o(.ARM.Collect$$libinit$$0000000E) for __rt_lib_init_rand_1
    libinit.o(.ARM.Collect$$libinit$$00000000) refers (Special) to libinit2.o(.ARM.Collect$$libinit$$00000033) for __rt_lib_init_return
    libinit.o(.ARM.Collect$$libinit$$00000000) refers (Special) to libinit2.o(.ARM.Collect$$libinit$$0000001D) for __rt_lib_init_signal_1
    libinit.o(.ARM.Collect$$libinit$$00000000) refers (Special) to libinit2.o(.ARM.Collect$$libinit$$00000025) for __rt_lib_init_stdio_1
    libinit.o(.ARM.Collect$$libinit$$00000000) refers (Special) to libinit2.o(.ARM.Collect$$libinit$$0000000C) for __rt_lib_init_user_alloc_1
    libspace.o(.text) refers to libspace.o(.bss) for __libspace_start
    rtexit.o(.ARM.Collect$$rtexit$$00000000) refers (Special) to rtexit2.o(.ARM.Collect$$rtexit$$00000004) for __rt_exit_exit
    rtexit.o(.ARM.Collect$$rtexit$$00000000) refers (Special) to rtexit2.o(.ARM.Collect$$rtexit$$00000003) for __rt_exit_ls
    rtexit.o(.ARM.Collect$$rtexit$$00000000) refers (Special) to rtexit2.o(.ARM.Collect$$rtexit$$00000002) for __rt_exit_prels_1
    rtexit.o(.ARM.exidx) refers (Special) to rtexit2.o(.ARM.Collect$$rtexit$$00000004) for __rt_exit_exit
    rtexit.o(.ARM.exidx) refers (Special) to rtexit2.o(.ARM.Collect$$rtexit$$00000003) for __rt_exit_ls
    rtexit.o(.ARM.exidx) refers (Special) to rtexit2.o(.ARM.Collect$$rtexit$$00000002) for __rt_exit_prels_1
    rtexit.o(.ARM.exidx) refers to rtexit.o(.ARM.Collect$$rtexit$$00000000) for .ARM.Collect$$rtexit$$00000000
    libinit2.o(.ARM.Collect$$libinit$$00000010) refers to libinit2.o(.ARM.Collect$$libinit$$0000000F) for .ARM.Collect$$libinit$$0000000F
    libinit2.o(.ARM.Collect$$libinit$$00000012) refers to libinit2.o(.ARM.Collect$$libinit$$0000000F) for .ARM.Collect$$libinit$$0000000F
    libinit2.o(.ARM.Collect$$libinit$$00000014) refers to libinit2.o(.ARM.Collect$$libinit$$0000000F) for .ARM.Collect$$libinit$$0000000F
    libinit2.o(.ARM.Collect$$libinit$$00000016) refers to libinit2.o(.ARM.Collect$$libinit$$0000000F) for .ARM.Collect$$libinit$$0000000F
    libinit2.o(.ARM.Collect$$libinit$$00000018) refers to libinit2.o(.ARM.Collect$$libinit$$0000000F) for .ARM.Collect$$libinit$$0000000F
    libinit2.o(.ARM.Collect$$libinit$$00000026) refers to argv_veneer.o(.emb_text) for __ARM_argv_veneer
    libinit2.o(.ARM.Collect$$libinit$$00000027) refers to argv_veneer.o(.emb_text) for __ARM_argv_veneer
    rtexit2.o(.ARM.Collect$$rtexit$$00000003) refers to libshutdown.o(.ARM.Collect$$libshutdown$$00000000) for __rt_lib_shutdown
    rtexit2.o(.ARM.Collect$$rtexit$$00000004) refers to debug.o(i._sys_exit) for _sys_exit
    rtexit2.o(.ARM.exidx) refers to rtexit2.o(.ARM.Collect$$rtexit$$00000001) for .ARM.Collect$$rtexit$$00000001
    rtexit2.o(.ARM.exidx) refers to rtexit2.o(.ARM.Collect$$rtexit$$00000003) for .ARM.Collect$$rtexit$$00000003
    rtexit2.o(.ARM.exidx) refers to rtexit2.o(.ARM.Collect$$rtexit$$00000004) for .ARM.Collect$$rtexit$$00000004
    argv_veneer.o(.emb_text) refers to no_argv.o(.text) for __ARM_get_argv
    _get_argv_nomalloc.o(.text) refers (Special) to hrguard.o(.text) for __heap_region$guard
    _get_argv_nomalloc.o(.text) refers to defsig_rtmem_outer.o(.text) for __rt_SIGRTMEM
    _get_argv_nomalloc.o(.text) refers to sys_command.o(.text) for _sys_command_string
    libshutdown.o(.ARM.Collect$$libshutdown$$00000000) refers (Special) to libshutdown2.o(.ARM.Collect$$libshutdown$$00000002) for __rt_lib_shutdown_cpp_1
    libshutdown.o(.ARM.Collect$$libshutdown$$00000000) refers (Special) to libshutdown2.o(.ARM.Collect$$libshutdown$$00000007) for __rt_lib_shutdown_fp_trap_1
    libshutdown.o(.ARM.Collect$$libshutdown$$00000000) refers (Special) to libshutdown2.o(.ARM.Collect$$libshutdown$$0000000F) for __rt_lib_shutdown_heap_1
    libshutdown.o(.ARM.Collect$$libshutdown$$00000000) refers (Special) to libshutdown2.o(.ARM.Collect$$libshutdown$$00000010) for __rt_lib_shutdown_return
    libshutdown.o(.ARM.Collect$$libshutdown$$00000000) refers (Special) to libshutdown2.o(.ARM.Collect$$libshutdown$$0000000A) for __rt_lib_shutdown_signal_1
    libshutdown.o(.ARM.Collect$$libshutdown$$00000000) refers (Special) to libshutdown2.o(.ARM.Collect$$libshutdown$$00000004) for __rt_lib_shutdown_stdio_1
    libshutdown.o(.ARM.Collect$$libshutdown$$00000000) refers (Special) to libshutdown2.o(.ARM.Collect$$libshutdown$$0000000C) for __rt_lib_shutdown_user_alloc_1
    sys_command.o(.text) refers (Special) to use_no_semi.o(.text) for __I$use$semihosting
    sys_command.o(.text) refers (Special) to indicate_semi.o(.text) for __semihosting_library_function
    defsig_rtmem_outer.o(.text) refers to defsig_rtmem_inner.o(.text) for __rt_SIGRTMEM_inner
    defsig_rtmem_outer.o(.text) refers to defsig_exit.o(.text) for __sig_exit
    defsig_rtmem_formal.o(.text) refers to rt_raise.o(.text) for __rt_raise
    rt_raise.o(.text) refers to __raise.o(.text) for __raise
    rt_raise.o(.text) refers to debug.o(i._sys_exit) for _sys_exit
    defsig_exit.o(.text) refers to debug.o(i._sys_exit) for _sys_exit
    defsig_rtmem_inner.o(.text) refers to defsig_general.o(.text) for __default_signal_display
    __raise.o(.text) refers to defsig.o(CL$$defsig) for __default_signal_handler
    defsig_general.o(.text) refers to debug.o(i._ttywrch) for _ttywrch
    defsig.o(CL$$defsig) refers to defsig_rtmem_inner.o(.text) for __rt_SIGRTMEM_inner
    defsig_abrt_inner.o(.text) refers to defsig_general.o(.text) for __default_signal_display
    defsig_fpe_inner.o(.text) refers to defsig_general.o(.text) for __default_signal_display
    defsig_rtred_inner.o(.text) refers to defsig_general.o(.text) for __default_signal_display
    defsig_stak_inner.o(.text) refers to defsig_general.o(.text) for __default_signal_display
    defsig_pvfn_inner.o(.text) refers to defsig_general.o(.text) for __default_signal_display
    defsig_cppl_inner.o(.text) refers to defsig_general.o(.text) for __default_signal_display
    defsig_segv_inner.o(.text) refers to defsig_general.o(.text) for __default_signal_display
    defsig_other.o(.text) refers to defsig_general.o(.text) for __default_signal_display


==============================================================================

Removing Unused input sections from the image.

    Removing soft_timer.o(i.softTimer_Init), (92 bytes).
    Removing soft_timer.o(i.softTimer_Stop), (60 bytes).
    Removing debug.o(i._ttywrch), (4 bytes).
    Removing usart.o(i.UART_NVIC_Config), (42 bytes).
    Removing misc.o(i.NVIC_SetVectorTable), (104 bytes).
    Removing misc.o(i.NVIC_SystemLPConfig), (108 bytes).
    Removing misc.o(i.SysTick_CLKSourceConfig), (96 bytes).
    Removing stm32f10x_rcc.o(i.RCC_ADCCLKConfig), (96 bytes).
    Removing stm32f10x_rcc.o(i.RCC_AHBPeriphClockCmd), (120 bytes).
    Removing stm32f10x_rcc.o(i.RCC_APB1PeriphResetCmd), (120 bytes).
    Removing stm32f10x_rcc.o(i.RCC_APB2PeriphResetCmd), (120 bytes).
    Removing stm32f10x_rcc.o(i.RCC_AdjustHSICalibrationValue), (84 bytes).
    Removing stm32f10x_rcc.o(i.RCC_BackupResetCmd), (72 bytes).
    Removing stm32f10x_rcc.o(i.RCC_ClearFlag), (20 bytes).
    Removing stm32f10x_rcc.o(i.RCC_ClearITPendingBit), (76 bytes).
    Removing stm32f10x_rcc.o(i.RCC_ClockSecuritySystemCmd), (72 bytes).
    Removing stm32f10x_rcc.o(i.RCC_DeInit), (76 bytes).
    Removing stm32f10x_rcc.o(i.RCC_GetFlagStatus), (164 bytes).
    Removing stm32f10x_rcc.o(i.RCC_GetITStatus), (104 bytes).
    Removing stm32f10x_rcc.o(i.RCC_GetSYSCLKSource), (16 bytes).
    Removing stm32f10x_rcc.o(i.RCC_HCLKConfig), (112 bytes).
    Removing stm32f10x_rcc.o(i.RCC_HSEConfig), (144 bytes).
    Removing stm32f10x_rcc.o(i.RCC_HSICmd), (72 bytes).
    Removing stm32f10x_rcc.o(i.RCC_ITConfig), (116 bytes).
    Removing stm32f10x_rcc.o(i.RCC_LSEConfig), (116 bytes).
    Removing stm32f10x_rcc.o(i.RCC_LSICmd), (72 bytes).
    Removing stm32f10x_rcc.o(i.RCC_MCOConfig), (84 bytes).
    Removing stm32f10x_rcc.o(i.RCC_PCLK1Config), (104 bytes).
    Removing stm32f10x_rcc.o(i.RCC_PCLK2Config), (104 bytes).
    Removing stm32f10x_rcc.o(i.RCC_PLLCmd), (72 bytes).
    Removing stm32f10x_rcc.o(i.RCC_PLLConfig), (196 bytes).
    Removing stm32f10x_rcc.o(i.RCC_RTCCLKCmd), (72 bytes).
    Removing stm32f10x_rcc.o(i.RCC_RTCCLKConfig), (92 bytes).
    Removing stm32f10x_rcc.o(i.RCC_SYSCLKConfig), (88 bytes).
    Removing stm32f10x_rcc.o(i.RCC_USBCLKConfig), (72 bytes).
    Removing stm32f10x_rcc.o(i.RCC_WaitForHSEStartUp), (56 bytes).
    Removing stm32f10x_gpio.o(i.GPIO_AFIODeInit), (20 bytes).
    Removing stm32f10x_gpio.o(i.GPIO_DeInit), (292 bytes).
    Removing stm32f10x_gpio.o(i.GPIO_ETH_MediaInterfaceConfig), (72 bytes).
    Removing stm32f10x_gpio.o(i.GPIO_EXTILineConfig), (220 bytes).
    Removing stm32f10x_gpio.o(i.GPIO_EventOutputCmd), (72 bytes).
    Removing stm32f10x_gpio.o(i.GPIO_EventOutputConfig), (180 bytes).
    Removing stm32f10x_gpio.o(i.GPIO_PinLockConfig), (164 bytes).
    Removing stm32f10x_gpio.o(i.GPIO_PinRemapConfig), (576 bytes).
    Removing stm32f10x_gpio.o(i.GPIO_ReadInputData), (132 bytes).
    Removing stm32f10x_gpio.o(i.GPIO_ReadInputDataBit), (240 bytes).
    Removing stm32f10x_gpio.o(i.GPIO_ReadOutputData), (132 bytes).
    Removing stm32f10x_gpio.o(i.GPIO_ReadOutputDataBit), (240 bytes).
    Removing stm32f10x_gpio.o(i.GPIO_StructInit), (16 bytes).
    Removing stm32f10x_gpio.o(i.GPIO_Write), (132 bytes).
    Removing stm32f10x_gpio.o(i.GPIO_WriteBit), (252 bytes).
    Removing stm32f10x_usart.o(i.USART_ClearFlag), (180 bytes).
    Removing stm32f10x_usart.o(i.USART_ClearITPendingBit), (216 bytes).
    Removing stm32f10x_usart.o(i.USART_ClockInit), (220 bytes).
    Removing stm32f10x_usart.o(i.USART_ClockStructInit), (12 bytes).
    Removing stm32f10x_usart.o(i.USART_DMACmd), (172 bytes).
    Removing stm32f10x_usart.o(i.USART_DeInit), (240 bytes).
    Removing stm32f10x_usart.o(i.USART_GetFlagStatus), (224 bytes).
    Removing stm32f10x_usart.o(i.USART_GetITStatus), (316 bytes).
    Removing stm32f10x_usart.o(i.USART_HalfDuplexCmd), (156 bytes).
    Removing stm32f10x_usart.o(i.USART_ITConfig), (312 bytes).
    Removing stm32f10x_usart.o(i.USART_IrDACmd), (156 bytes).
    Removing stm32f10x_usart.o(i.USART_IrDAConfig), (148 bytes).
    Removing stm32f10x_usart.o(i.USART_LINBreakDetectLengthConfig), (148 bytes).
    Removing stm32f10x_usart.o(i.USART_LINCmd), (156 bytes).
    Removing stm32f10x_usart.o(i.USART_OneBitMethodCmd), (156 bytes).
    Removing stm32f10x_usart.o(i.USART_OverSampling8Cmd), (152 bytes).
    Removing stm32f10x_usart.o(i.USART_ReceiveData), (120 bytes).
    Removing stm32f10x_usart.o(i.USART_ReceiverWakeUpCmd), (156 bytes).
    Removing stm32f10x_usart.o(i.USART_SendBreak), (120 bytes).
    Removing stm32f10x_usart.o(i.USART_SendData), (140 bytes).
    Removing stm32f10x_usart.o(i.USART_SetAddress), (148 bytes).
    Removing stm32f10x_usart.o(i.USART_SetGuardTime), (108 bytes).
    Removing stm32f10x_usart.o(i.USART_SetPrescaler), (128 bytes).
    Removing stm32f10x_usart.o(i.USART_SmartCardCmd), (136 bytes).
    Removing stm32f10x_usart.o(i.USART_SmartCardNACKCmd), (136 bytes).
    Removing stm32f10x_usart.o(i.USART_StructInit), (24 bytes).
    Removing stm32f10x_usart.o(i.USART_WakeUpConfig), (152 bytes).
    Removing stm32f10x_tim.o(i.TI1_Config), (128 bytes).
    Removing stm32f10x_tim.o(i.TI2_Config), (152 bytes).
    Removing stm32f10x_tim.o(i.TI3_Config), (144 bytes).
    Removing stm32f10x_tim.o(i.TI4_Config), (152 bytes).
    Removing stm32f10x_tim.o(i.TIM_ARRPreloadConfig), (268 bytes).
    Removing stm32f10x_tim.o(i.TIM_BDTRConfig), (300 bytes).
    Removing stm32f10x_tim.o(i.TIM_BDTRStructInit), (18 bytes).
    Removing stm32f10x_tim.o(i.TIM_CCPreloadControl), (168 bytes).
    Removing stm32f10x_tim.o(i.TIM_CCxCmd), (284 bytes).
    Removing stm32f10x_tim.o(i.TIM_CCxNCmd), (184 bytes).
    Removing stm32f10x_tim.o(i.TIM_ClearFlag), (252 bytes).
    Removing stm32f10x_tim.o(i.TIM_ClearOC1Ref), (148 bytes).
    Removing stm32f10x_tim.o(i.TIM_ClearOC2Ref), (156 bytes).
    Removing stm32f10x_tim.o(i.TIM_ClearOC3Ref), (148 bytes).
    Removing stm32f10x_tim.o(i.TIM_ClearOC4Ref), (156 bytes).
    Removing stm32f10x_tim.o(i.TIM_CounterModeConfig), (160 bytes).
    Removing stm32f10x_tim.o(i.TIM_CtrlPWMOutputs), (156 bytes).
    Removing stm32f10x_tim.o(i.TIM_DMACmd), (224 bytes).
    Removing stm32f10x_tim.o(i.TIM_DMAConfig), (360 bytes).
    Removing stm32f10x_tim.o(i.TIM_DeInit), (640 bytes).
    Removing stm32f10x_tim.o(i.TIM_ETRClockMode1Config), (232 bytes).
    Removing stm32f10x_tim.o(i.TIM_ETRClockMode2Config), (212 bytes).
    Removing stm32f10x_tim.o(i.TIM_ETRConfig), (224 bytes).
    Removing stm32f10x_tim.o(i.TIM_EncoderInterfaceConfig), (276 bytes).
    Removing stm32f10x_tim.o(i.TIM_ForcedOC1Config), (240 bytes).
    Removing stm32f10x_tim.o(i.TIM_ForcedOC2Config), (188 bytes).
    Removing stm32f10x_tim.o(i.TIM_ForcedOC3Config), (152 bytes).
    Removing stm32f10x_tim.o(i.TIM_ForcedOC4Config), (160 bytes).
    Removing stm32f10x_tim.o(i.TIM_GenerateEvent), (248 bytes).
    Removing stm32f10x_tim.o(i.TIM_GetCapture1), (208 bytes).
    Removing stm32f10x_tim.o(i.TIM_GetCapture2), (148 bytes).
    Removing stm32f10x_tim.o(i.TIM_GetCapture3), (116 bytes).
    Removing stm32f10x_tim.o(i.TIM_GetCapture4), (120 bytes).
    Removing stm32f10x_tim.o(i.TIM_GetCounter), (228 bytes).
    Removing stm32f10x_tim.o(i.TIM_GetFlagStatus), (312 bytes).
    Removing stm32f10x_tim.o(i.TIM_GetPrescaler), (228 bytes).
    Removing stm32f10x_tim.o(i.TIM_ICInit), (676 bytes).
    Removing stm32f10x_tim.o(i.TIM_ICStructInit), (18 bytes).
    Removing stm32f10x_tim.o(i.TIM_ITRxExternalClockConfig), (188 bytes).
    Removing stm32f10x_tim.o(i.TIM_InternalClockConfig), (156 bytes).
    Removing stm32f10x_tim.o(i.TIM_OC1FastConfig), (240 bytes).
    Removing stm32f10x_tim.o(i.TIM_OC1Init), (532 bytes).
    Removing stm32f10x_tim.o(i.TIM_OC1NPolarityConfig), (144 bytes).
    Removing stm32f10x_tim.o(i.TIM_OC1PolarityConfig), (240 bytes).
    Removing stm32f10x_tim.o(i.TIM_OC1PreloadConfig), (240 bytes).
    Removing stm32f10x_tim.o(i.TIM_OC2FastConfig), (188 bytes).
    Removing stm32f10x_tim.o(i.TIM_OC2Init), (496 bytes).
    Removing stm32f10x_tim.o(i.TIM_OC2NPolarityConfig), (120 bytes).
    Removing stm32f10x_tim.o(i.TIM_OC2PolarityConfig), (188 bytes).
    Removing stm32f10x_tim.o(i.TIM_OC2PreloadConfig), (188 bytes).
    Removing stm32f10x_tim.o(i.TIM_OC3FastConfig), (148 bytes).
    Removing stm32f10x_tim.o(i.TIM_OC3Init), (460 bytes).
    Removing stm32f10x_tim.o(i.TIM_OC3NPolarityConfig), (120 bytes).
    Removing stm32f10x_tim.o(i.TIM_OC3PolarityConfig), (156 bytes).
    Removing stm32f10x_tim.o(i.TIM_OC3PreloadConfig), (148 bytes).
    Removing stm32f10x_tim.o(i.TIM_OC4FastConfig), (156 bytes).
    Removing stm32f10x_tim.o(i.TIM_OC4Init), (352 bytes).
    Removing stm32f10x_tim.o(i.TIM_OC4PolarityConfig), (156 bytes).
    Removing stm32f10x_tim.o(i.TIM_OC4PreloadConfig), (156 bytes).
    Removing stm32f10x_tim.o(i.TIM_OCStructInit), (20 bytes).
    Removing stm32f10x_tim.o(i.TIM_PWMIConfig), (264 bytes).
    Removing stm32f10x_tim.o(i.TIM_PrescalerConfig), (252 bytes).
    Removing stm32f10x_tim.o(i.TIM_SelectCCDMA), (188 bytes).
    Removing stm32f10x_tim.o(i.TIM_SelectCOM), (152 bytes).
    Removing stm32f10x_tim.o(i.TIM_SelectHallSensor), (188 bytes).
    Removing stm32f10x_tim.o(i.TIM_SelectInputTrigger), (204 bytes).
    Removing stm32f10x_tim.o(i.TIM_SelectMasterSlaveMode), (180 bytes).
    Removing stm32f10x_tim.o(i.TIM_SelectOCxM), (360 bytes).
    Removing stm32f10x_tim.o(i.TIM_SelectOnePulseMode), (260 bytes).
    Removing stm32f10x_tim.o(i.TIM_SelectOutputTrigger), (224 bytes).
    Removing stm32f10x_tim.o(i.TIM_SelectSlaveMode), (192 bytes).
    Removing stm32f10x_tim.o(i.TIM_SetAutoreload), (228 bytes).
    Removing stm32f10x_tim.o(i.TIM_SetClockDivision), (248 bytes).
    Removing stm32f10x_tim.o(i.TIM_SetCompare1), (208 bytes).
    Removing stm32f10x_tim.o(i.TIM_SetCompare2), (148 bytes).
    Removing stm32f10x_tim.o(i.TIM_SetCompare3), (120 bytes).
    Removing stm32f10x_tim.o(i.TIM_SetCompare4), (120 bytes).
    Removing stm32f10x_tim.o(i.TIM_SetCounter), (228 bytes).
    Removing stm32f10x_tim.o(i.TIM_SetIC1Prescaler), (248 bytes).
    Removing stm32f10x_tim.o(i.TIM_SetIC2Prescaler), (196 bytes).
    Removing stm32f10x_tim.o(i.TIM_SetIC3Prescaler), (160 bytes).
    Removing stm32f10x_tim.o(i.TIM_SetIC4Prescaler), (168 bytes).
    Removing stm32f10x_tim.o(i.TIM_TIxExternalClockConfig), (260 bytes).
    Removing stm32f10x_tim.o(i.TIM_TimeBaseStructInit), (18 bytes).
    Removing stm32f10x_tim.o(i.TIM_UpdateDisableConfig), (268 bytes).
    Removing stm32f10x_tim.o(i.TIM_UpdateRequestConfig), (268 bytes).
    Removing system_stm32f10x.o(i.SystemCoreClockUpdate), (164 bytes).
    Removing system_stm32f10x.o(.data), (20 bytes).
    Removing core_cm3.o(.emb_text), (32 bytes).

167 unused section(s) (total 28832 bytes) removed from the image.

==============================================================================

Image Symbol Table

    Local Symbols

    Symbol Name                              Value     Ov Type        Size  Object(Section)

    ../clib/angel/boardlib.s                 0x00000000   Number         0  boardshut.o ABSOLUTE
    ../clib/angel/boardlib.s                 0x00000000   Number         0  boardinit3.o ABSOLUTE
    ../clib/angel/boardlib.s                 0x00000000   Number         0  boardinit2.o ABSOLUTE
    ../clib/angel/boardlib.s                 0x00000000   Number         0  boardinit1.o ABSOLUTE
    ../clib/angel/handlers.s                 0x00000000   Number         0  __scatter_zi.o ABSOLUTE
    ../clib/angel/handlers.s                 0x00000000   Number         0  __scatter_copy.o ABSOLUTE
    ../clib/angel/kernel.s                   0x00000000   Number         0  __rtentry.o ABSOLUTE
    ../clib/angel/kernel.s                   0x00000000   Number         0  __rtentry4.o ABSOLUTE
    ../clib/angel/kernel.s                   0x00000000   Number         0  rtexit.o ABSOLUTE
    ../clib/angel/kernel.s                   0x00000000   Number         0  __rtentry2.o ABSOLUTE
    ../clib/angel/kernel.s                   0x00000000   Number         0  rtexit2.o ABSOLUTE
    ../clib/angel/rt.s                       0x00000000   Number         0  rt_raise.o ABSOLUTE
    ../clib/angel/scatter.s                  0x00000000   Number         0  __scatter.o ABSOLUTE
    ../clib/angel/startup.s                  0x00000000   Number         0  __main.o ABSOLUTE
    ../clib/angel/sys.s                      0x00000000   Number         0  libspace.o ABSOLUTE
    ../clib/angel/sys.s                      0x00000000   Number         0  use_no_semi_2.o ABSOLUTE
    ../clib/angel/sys.s                      0x00000000   Number         0  sys_stackheap_outer.o ABSOLUTE
    ../clib/angel/sys.s                      0x00000000   Number         0  use_no_semi.o ABSOLUTE
    ../clib/angel/sys.s                      0x00000000   Number         0  indicate_semi.o ABSOLUTE
    ../clib/angel/sysapp.c                   0x00000000   Number         0  sys_command.o ABSOLUTE
    ../clib/armsys.c                         0x00000000   Number         0  _get_argv_nomalloc.o ABSOLUTE
    ../clib/armsys.c                         0x00000000   Number         0  no_argv.o ABSOLUTE
    ../clib/armsys.c                         0x00000000   Number         0  argv_veneer.o ABSOLUTE
    ../clib/armsys.c                         0x00000000   Number         0  argv_veneer.o ABSOLUTE
    ../clib/heapalloc.c                      0x00000000   Number         0  hrguard.o ABSOLUTE
    ../clib/heapaux.c                        0x00000000   Number         0  heapauxi.o ABSOLUTE
    ../clib/libinit.s                        0x00000000   Number         0  libinit2.o ABSOLUTE
    ../clib/libinit.s                        0x00000000   Number         0  libshutdown.o ABSOLUTE
    ../clib/libinit.s                        0x00000000   Number         0  libshutdown2.o ABSOLUTE
    ../clib/libinit.s                        0x00000000   Number         0  libinit.o ABSOLUTE
    ../clib/printf.c                         0x00000000   Number         0  __printf.o ABSOLUTE
    ../clib/printf.c                         0x00000000   Number         0  _printf_dec.o ABSOLUTE
    ../clib/printf.c                         0x00000000   Number         0  _printf_char_file.o ABSOLUTE
    ../clib/printf.c                         0x00000000   Number         0  __printf_flags.o ABSOLUTE
    ../clib/printf.c                         0x00000000   Number         0  __printf_ss.o ABSOLUTE
    ../clib/printf.c                         0x00000000   Number         0  __printf_flags_ss.o ABSOLUTE
    ../clib/printf.c                         0x00000000   Number         0  __printf_wp.o ABSOLUTE
    ../clib/printf.c                         0x00000000   Number         0  __printf_flags_wp.o ABSOLUTE
    ../clib/printf.c                         0x00000000   Number         0  __printf_ss_wp.o ABSOLUTE
    ../clib/printf.c                         0x00000000   Number         0  _printf_char.o ABSOLUTE
    ../clib/printf.c                         0x00000000   Number         0  _printf_intcommon.o ABSOLUTE
    ../clib/printf.c                         0x00000000   Number         0  __printf_flags_ss_wp.o ABSOLUTE
    ../clib/printf.c                         0x00000000   Number         0  _printf_str.o ABSOLUTE
    ../clib/printf.c                         0x00000000   Number         0  _printf_char_common.o ABSOLUTE
    ../clib/printf.c                         0x00000000   Number         0  __2printf.o ABSOLUTE
    ../clib/printf.c                         0x00000000   Number         0  noretval__2printf.o ABSOLUTE
    ../clib/printf.c                         0x00000000   Number         0  __printf_nopercent.o ABSOLUTE
    ../clib/printf_percent.s                 0x00000000   Number         0  _printf_percent.o ABSOLUTE
    ../clib/printf_percent.s                 0x00000000   Number         0  _printf_d.o ABSOLUTE
    ../clib/printf_percent.s                 0x00000000   Number         0  _printf_s.o ABSOLUTE
    ../clib/printf_percent.s                 0x00000000   Number         0  _printf_percent_end.o ABSOLUTE
    ../clib/signal.c                         0x00000000   Number         0  defsig_general.o ABSOLUTE
    ../clib/signal.c                         0x00000000   Number         0  __raise.o ABSOLUTE
    ../clib/signal.c                         0x00000000   Number         0  defsig_rtmem_inner.o ABSOLUTE
    ../clib/signal.c                         0x00000000   Number         0  defsig_exit.o ABSOLUTE
    ../clib/signal.c                         0x00000000   Number         0  defsig_stak_inner.o ABSOLUTE
    ../clib/signal.c                         0x00000000   Number         0  defsig_pvfn_inner.o ABSOLUTE
    ../clib/signal.c                         0x00000000   Number         0  defsig_rtmem_formal.o ABSOLUTE
    ../clib/signal.c                         0x00000000   Number         0  defsig_rtmem_outer.o ABSOLUTE
    ../clib/signal.c                         0x00000000   Number         0  defsig_cppl_inner.o ABSOLUTE
    ../clib/signal.c                         0x00000000   Number         0  defsig_segv_inner.o ABSOLUTE
    ../clib/signal.c                         0x00000000   Number         0  defsig_other.o ABSOLUTE
    ../clib/signal.c                         0x00000000   Number         0  defsig_rtred_inner.o ABSOLUTE
    ../clib/signal.c                         0x00000000   Number         0  defsig_fpe_inner.o ABSOLUTE
    ../clib/signal.c                         0x00000000   Number         0  defsig_abrt_inner.o ABSOLUTE
    ../clib/signal.s                         0x00000000   Number         0  defsig.o ABSOLUTE
    ../clib/stdio.c                          0x00000000   Number         0  ferror_locked.o ABSOLUTE
    ../clib/stdio.c                          0x00000000   Number         0  ferror.o ABSOLUTE
    ../clib/stdlib.c                         0x00000000   Number         0  exit.o ABSOLUTE
    ../fplib/fpinit.s                        0x00000000   Number         0  fpinit.o ABSOLUTE
    ..\Hardware\timer.c                      0x00000000   Number         0  timer.o ABSOLUTE
    ..\Hardware\usart.c                      0x00000000   Number         0  usart.o ABSOLUTE
    ..\Libraries\CMSIS\core\core_cm3.c       0x00000000   Number         0  core_cm3.o ABSOLUTE
    ..\Libraries\CMSIS\startup\startup_stm32f10x_md.s 0x00000000   Number         0  startup_stm32f10x_md.o ABSOLUTE
    ..\Libraries\CMSIS\system_stm32f10x.c    0x00000000   Number         0  system_stm32f10x.o ABSOLUTE
    ..\Libraries\FWLIB\src\misc.c            0x00000000   Number         0  misc.o ABSOLUTE
    ..\Libraries\FWLIB\src\stm32f10x_gpio.c  0x00000000   Number         0  stm32f10x_gpio.o ABSOLUTE
    ..\Libraries\FWLIB\src\stm32f10x_rcc.c   0x00000000   Number         0  stm32f10x_rcc.o ABSOLUTE
    ..\Libraries\FWLIB\src\stm32f10x_tim.c   0x00000000   Number         0  stm32f10x_tim.o ABSOLUTE
    ..\Libraries\FWLIB\src\stm32f10x_usart.c 0x00000000   Number         0  stm32f10x_usart.o ABSOLUTE
    ..\User\debug.c                          0x00000000   Number         0  debug.o ABSOLUTE
    ..\User\demo.c                           0x00000000   Number         0  demo.o ABSOLUTE
    ..\User\main.c                           0x00000000   Number         0  main.o ABSOLUTE
    ..\User\soft_timer.c                     0x00000000   Number         0  soft_timer.o ABSOLUTE
    ..\User\stm32f10x_it.c                   0x00000000   Number         0  stm32f10x_it.o ABSOLUTE
    ..\\Libraries\\CMSIS\\core\\core_cm3.c   0x00000000   Number         0  core_cm3.o ABSOLUTE
    ..\user_timer.c                          0x00000000   Number         0  user_timer.o ABSOLUTE
    dc.s                                     0x00000000   Number         0  dc.o ABSOLUTE
    RESET                                    0x08000000   Section      236  startup_stm32f10x_md.o(RESET)
    !!!main                                  0x080000ec   Section        8  __main.o(!!!main)
    !!!scatter                               0x080000f4   Section       52  __scatter.o(!!!scatter)
    !!handler_copy                           0x08000128   Section       26  __scatter_copy.o(!!handler_copy)
    !!handler_zi                             0x08000144   Section       28  __scatter_zi.o(!!handler_zi)
    .ARM.Collect$$_printf_percent$$00000000  0x08000160   Section        0  _printf_percent.o(.ARM.Collect$$_printf_percent$$00000000)
    .ARM.Collect$$_printf_percent$$00000009  0x08000160   Section        6  _printf_d.o(.ARM.Collect$$_printf_percent$$00000009)
    .ARM.Collect$$_printf_percent$$00000014  0x08000166   Section        6  _printf_s.o(.ARM.Collect$$_printf_percent$$00000014)
    .ARM.Collect$$_printf_percent$$00000017  0x0800016c   Section        4  _printf_percent_end.o(.ARM.Collect$$_printf_percent$$00000017)
    .ARM.Collect$$libinit$$00000000          0x08000170   Section        2  libinit.o(.ARM.Collect$$libinit$$00000000)
    .ARM.Collect$$libinit$$00000002          0x08000172   Section        0  libinit2.o(.ARM.Collect$$libinit$$00000002)
    .ARM.Collect$$libinit$$00000004          0x08000172   Section        0  libinit2.o(.ARM.Collect$$libinit$$00000004)
    .ARM.Collect$$libinit$$0000000A          0x08000172   Section        0  libinit2.o(.ARM.Collect$$libinit$$0000000A)
    .ARM.Collect$$libinit$$0000000C          0x08000172   Section        0  libinit2.o(.ARM.Collect$$libinit$$0000000C)
    .ARM.Collect$$libinit$$0000000E          0x08000172   Section        0  libinit2.o(.ARM.Collect$$libinit$$0000000E)
    .ARM.Collect$$libinit$$00000011          0x08000172   Section        0  libinit2.o(.ARM.Collect$$libinit$$00000011)
    .ARM.Collect$$libinit$$00000013          0x08000172   Section        0  libinit2.o(.ARM.Collect$$libinit$$00000013)
    .ARM.Collect$$libinit$$00000015          0x08000172   Section        0  libinit2.o(.ARM.Collect$$libinit$$00000015)
    .ARM.Collect$$libinit$$00000017          0x08000172   Section        0  libinit2.o(.ARM.Collect$$libinit$$00000017)
    .ARM.Collect$$libinit$$00000019          0x08000172   Section        0  libinit2.o(.ARM.Collect$$libinit$$00000019)
    .ARM.Collect$$libinit$$0000001B          0x08000172   Section        0  libinit2.o(.ARM.Collect$$libinit$$0000001B)
    .ARM.Collect$$libinit$$0000001D          0x08000172   Section        0  libinit2.o(.ARM.Collect$$libinit$$0000001D)
    .ARM.Collect$$libinit$$0000001F          0x08000172   Section        0  libinit2.o(.ARM.Collect$$libinit$$0000001F)
    .ARM.Collect$$libinit$$00000021          0x08000172   Section        0  libinit2.o(.ARM.Collect$$libinit$$00000021)
    .ARM.Collect$$libinit$$00000023          0x08000172   Section        0  libinit2.o(.ARM.Collect$$libinit$$00000023)
    .ARM.Collect$$libinit$$00000025          0x08000172   Section        0  libinit2.o(.ARM.Collect$$libinit$$00000025)
    .ARM.Collect$$libinit$$0000002C          0x08000172   Section        0  libinit2.o(.ARM.Collect$$libinit$$0000002C)
    .ARM.Collect$$libinit$$0000002E          0x08000172   Section        0  libinit2.o(.ARM.Collect$$libinit$$0000002E)
    .ARM.Collect$$libinit$$00000030          0x08000172   Section        0  libinit2.o(.ARM.Collect$$libinit$$00000030)
    .ARM.Collect$$libinit$$00000032          0x08000172   Section        0  libinit2.o(.ARM.Collect$$libinit$$00000032)
    .ARM.Collect$$libinit$$00000033          0x08000172   Section        2  libinit2.o(.ARM.Collect$$libinit$$00000033)
    .ARM.Collect$$libshutdown$$00000000      0x08000174   Section        2  libshutdown.o(.ARM.Collect$$libshutdown$$00000000)
    .ARM.Collect$$libshutdown$$00000002      0x08000176   Section        0  libshutdown2.o(.ARM.Collect$$libshutdown$$00000002)
    .ARM.Collect$$libshutdown$$00000004      0x08000176   Section        0  libshutdown2.o(.ARM.Collect$$libshutdown$$00000004)
    .ARM.Collect$$libshutdown$$00000007      0x08000176   Section        0  libshutdown2.o(.ARM.Collect$$libshutdown$$00000007)
    .ARM.Collect$$libshutdown$$0000000A      0x08000176   Section        0  libshutdown2.o(.ARM.Collect$$libshutdown$$0000000A)
    .ARM.Collect$$libshutdown$$0000000C      0x08000176   Section        0  libshutdown2.o(.ARM.Collect$$libshutdown$$0000000C)
    .ARM.Collect$$libshutdown$$0000000F      0x08000176   Section        0  libshutdown2.o(.ARM.Collect$$libshutdown$$0000000F)
    .ARM.Collect$$libshutdown$$00000010      0x08000176   Section        2  libshutdown2.o(.ARM.Collect$$libshutdown$$00000010)
    .ARM.Collect$$rtentry$$00000000          0x08000178   Section        0  __rtentry.o(.ARM.Collect$$rtentry$$00000000)
    .ARM.Collect$$rtentry$$00000002          0x08000178   Section        0  __rtentry2.o(.ARM.Collect$$rtentry$$00000002)
    .ARM.Collect$$rtentry$$00000004          0x08000178   Section        6  __rtentry4.o(.ARM.Collect$$rtentry$$00000004)
    .ARM.Collect$$rtentry$$00000009          0x0800017e   Section        0  __rtentry2.o(.ARM.Collect$$rtentry$$00000009)
    .ARM.Collect$$rtentry$$0000000A          0x0800017e   Section        4  __rtentry2.o(.ARM.Collect$$rtentry$$0000000A)
    .ARM.Collect$$rtentry$$0000000C          0x08000182   Section        0  __rtentry2.o(.ARM.Collect$$rtentry$$0000000C)
    .ARM.Collect$$rtentry$$0000000D          0x08000182   Section        8  __rtentry2.o(.ARM.Collect$$rtentry$$0000000D)
    .ARM.Collect$$rtexit$$00000000           0x0800018a   Section        2  rtexit.o(.ARM.Collect$$rtexit$$00000000)
    .ARM.Collect$$rtexit$$00000002           0x0800018c   Section        0  rtexit2.o(.ARM.Collect$$rtexit$$00000002)
    .ARM.Collect$$rtexit$$00000003           0x0800018c   Section        4  rtexit2.o(.ARM.Collect$$rtexit$$00000003)
    .ARM.Collect$$rtexit$$00000004           0x08000190   Section        6  rtexit2.o(.ARM.Collect$$rtexit$$00000004)
    .text                                    0x08000198   Section       64  startup_stm32f10x_md.o(.text)
    .text                                    0x080001d8   Section        2  use_no_semi_2.o(.text)
    .text                                    0x080001dc   Section        0  noretval__2printf.o(.text)
    .text                                    0x080001f4   Section        0  __printf.o(.text)
    .text                                    0x0800025c   Section        0  _printf_str.o(.text)
    .text                                    0x080002b0   Section        0  _printf_dec.o(.text)
    .text                                    0x08000328   Section        0  heapauxi.o(.text)
    .text                                    0x0800032e   Section        2  use_no_semi.o(.text)
    .text                                    0x08000330   Section        0  _printf_intcommon.o(.text)
    .text                                    0x080003e2   Section        0  _printf_char.o(.text)
    .text                                    0x08000410   Section        0  _printf_char_file.o(.text)
    .text                                    0x08000434   Section        0  _printf_char_common.o(.text)
    _printf_input_char                       0x08000435   Thumb Code    10  _printf_char_common.o(.text)
    .text                                    0x08000464   Section        0  ferror.o(.text)
    .text                                    0x0800046c   Section       74  sys_stackheap_outer.o(.text)
    .text                                    0x080004b6   Section        0  exit.o(.text)
    .text                                    0x080004c8   Section        8  libspace.o(.text)
    i.BusFault_Handler                       0x080004d0   Section        0  stm32f10x_it.o(i.BusFault_Handler)
    i.DebugMon_Handler                       0x080004d4   Section        0  stm32f10x_it.o(i.DebugMon_Handler)
    i.GPIO_Init                              0x080004d8   Section        0  stm32f10x_gpio.o(i.GPIO_Init)
    i.GPIO_ResetBits                         0x08000698   Section        0  stm32f10x_gpio.o(i.GPIO_ResetBits)
    i.GPIO_SetBits                           0x08000730   Section        0  stm32f10x_gpio.o(i.GPIO_SetBits)
    i.HardFault_Handler                      0x080007c8   Section        0  stm32f10x_it.o(i.HardFault_Handler)
    i.LED0_Twinkling                         0x080007cc   Section        0  demo.o(i.LED0_Twinkling)
    i.LED1_On                                0x08000800   Section        0  demo.o(i.LED1_On)
    i.LED_Init                               0x08000810   Section        0  demo.o(i.LED_Init)
    i.MemManage_Handler                      0x08000844   Section        0  stm32f10x_it.o(i.MemManage_Handler)
    i.NMI_Handler                            0x08000848   Section        0  stm32f10x_it.o(i.NMI_Handler)
    i.NVIC_Init                              0x0800084c   Section        0  misc.o(i.NVIC_Init)
    i.NVIC_PriorityGroupConfig               0x08000918   Section        0  misc.o(i.NVIC_PriorityGroupConfig)
    i.PendSV_Handler                         0x08000978   Section        0  stm32f10x_it.o(i.PendSV_Handler)
    i.RCC_APB1PeriphClockCmd                 0x0800097c   Section        0  stm32f10x_rcc.o(i.RCC_APB1PeriphClockCmd)
    i.RCC_APB2PeriphClockCmd                 0x080009f4   Section        0  stm32f10x_rcc.o(i.RCC_APB2PeriphClockCmd)
    i.RCC_GetClocksFreq                      0x08000a6c   Section        0  stm32f10x_rcc.o(i.RCC_GetClocksFreq)
    i.SVC_Handler                            0x08000b40   Section        0  stm32f10x_it.o(i.SVC_Handler)
    i.SetSysClock                            0x08000b42   Section        0  system_stm32f10x.o(i.SetSysClock)
    SetSysClock                              0x08000b43   Thumb Code     8  system_stm32f10x.o(i.SetSysClock)
    i.SetSysClockTo72                        0x08000b4c   Section        0  system_stm32f10x.o(i.SetSysClockTo72)
    SetSysClockTo72                          0x08000b4d   Thumb Code   214  system_stm32f10x.o(i.SetSysClockTo72)
    i.SysTick_Handler                        0x08000c2c   Section        0  stm32f10x_it.o(i.SysTick_Handler)
    i.SystemInit                             0x08000c30   Section        0  system_stm32f10x.o(i.SystemInit)
    i.TIM4_IRQHandler                        0x08000c90   Section        0  stm32f10x_it.o(i.TIM4_IRQHandler)
    i.TIM4_Init                              0x08000cb0   Section        0  timer.o(i.TIM4_Init)
    i.TIM4_NVIC_Config                       0x08000cfc   Section        0  timer.o(i.TIM4_NVIC_Config)
    i.TIM_ClearITPendingBit                  0x08000d28   Section        0  stm32f10x_tim.o(i.TIM_ClearITPendingBit)
    i.TIM_Cmd                                0x08000e24   Section        0  stm32f10x_tim.o(i.TIM_Cmd)
    i.TIM_GetITStatus                        0x08000f30   Section        0  stm32f10x_tim.o(i.TIM_GetITStatus)
    i.TIM_ITConfig                           0x08001064   Section        0  stm32f10x_tim.o(i.TIM_ITConfig)
    i.TIM_TimeBaseInit                       0x08001180   Section        0  stm32f10x_tim.o(i.TIM_TimeBaseInit)
    i.USART1_Init                            0x0800131c   Section        0  usart.o(i.USART1_Init)
    i.USART_Cmd                              0x08001394   Section        0  stm32f10x_usart.o(i.USART_Cmd)
    i.USART_Init                             0x08001430   Section        0  stm32f10x_usart.o(i.USART_Init)
    i.UsageFault_Handler                     0x08001638   Section        0  stm32f10x_it.o(i.UsageFault_Handler)
    i._sys_exit                              0x0800163c   Section        0  debug.o(i._sys_exit)
    i.assert_failed                          0x08001640   Section        0  main.o(i.assert_failed)
    i.fputc                                  0x08001684   Section        0  debug.o(i.fputc)
    i.main                                   0x080016a0   Section        0  main.o(i.main)
    i.nop                                    0x08001740   Section        0  demo.o(i.nop)
    i.softTimer_GetState                     0x08001744   Section        0  soft_timer.o(i.softTimer_GetState)
    i.softTimer_Start                        0x08001758   Section        0  soft_timer.o(i.softTimer_Start)
    i.softTimer_Update                       0x080017fc   Section        0  soft_timer.o(i.softTimer_Update)
    i.stringPrint                            0x080018d8   Section        0  demo.o(i.stringPrint)
    i.tickCnt_Get                            0x08001904   Section        0  soft_timer.o(i.tickCnt_Get)
    i.tickCnt_Update                         0x08001910   Section        0  soft_timer.o(i.tickCnt_Update)
    .data                                    0x20000000   Section       10  main.o(.data)
    data                                     0x20000000   Data          10  main.o(.data)
    .data                                    0x2000000c   Section        4  soft_timer.o(.data)
    tickCnt                                  0x2000000c   Data           4  soft_timer.o(.data)
    .data                                    0x20000010   Section        4  debug.o(.data)
    .data                                    0x20000014   Section        1  demo.o(.data)
    on                                       0x20000014   Data           1  demo.o(.data)
    .data                                    0x20000015   Section       20  stm32f10x_rcc.o(.data)
    APBAHBPrescTable                         0x20000015   Data          16  stm32f10x_rcc.o(.data)
    ADCPrescTable                            0x20000025   Data           4  stm32f10x_rcc.o(.data)
    .bss                                     0x2000002c   Section      240  soft_timer.o(.bss)
    timer                                    0x2000002c   Data         240  soft_timer.o(.bss)
    .bss                                     0x2000011c   Section       96  libspace.o(.bss)
    HEAP                                     0x20000180   Section      512  startup_stm32f10x_md.o(HEAP)
    Heap_Mem                                 0x20000180   Data         512  startup_stm32f10x_md.o(HEAP)
    STACK                                    0x20000380   Section     1024  startup_stm32f10x_md.o(STACK)
    Stack_Mem                                0x20000380   Data        1024  startup_stm32f10x_md.o(STACK)
    __initial_sp                             0x20000780   Data           0  startup_stm32f10x_md.o(STACK)

    Global Symbols

    Symbol Name                              Value     Ov Type        Size  Object(Section)

    BuildAttributes$$THM_ISAv4$P$D$K$B$S$PE$A:L22UL41UL21$X:L11$S22US41US21$IEEE1$IW$USESV6$~STKCKD$USESV7$~SHL$OSPACE$ROPI$EBA8$UX$STANDARDLIB$REQ8$PRES8$EABIv2 0x00000000   Number         0  anon$$obj.o ABSOLUTE
    __ARM_use_no_argv                        0x00000000   Number         0  main.o ABSOLUTE
    __ARM_exceptions_init                     - Undefined Weak Reference
    __alloca_initialize                       - Undefined Weak Reference
    __arm_preinit_                            - Undefined Weak Reference
    __cpp_initialize__aeabi_                  - Undefined Weak Reference
    __cxa_finalize                            - Undefined Weak Reference
    __rt_locale                               - Undefined Weak Reference
    __sigvec_lookup                           - Undefined Weak Reference
    _atexit_init                              - Undefined Weak Reference
    _call_atexit_fns                          - Undefined Weak Reference
    _clock_init                               - Undefined Weak Reference
    _fp_trap_init                             - Undefined Weak Reference
    _fp_trap_shutdown                         - Undefined Weak Reference
    _get_lc_collate                           - Undefined Weak Reference
    _get_lc_ctype                             - Undefined Weak Reference
    _get_lc_monetary                          - Undefined Weak Reference
    _get_lc_numeric                           - Undefined Weak Reference
    _get_lc_time                              - Undefined Weak Reference
    _getenv_init                              - Undefined Weak Reference
    _handle_redirection                       - Undefined Weak Reference
    _init_alloc                               - Undefined Weak Reference
    _init_user_alloc                          - Undefined Weak Reference
    _initio                                   - Undefined Weak Reference
    _mutex_acquire                            - Undefined Weak Reference
    _mutex_release                            - Undefined Weak Reference
    _printf_mbtowc                            - Undefined Weak Reference
    _printf_post_padding                      - Undefined Weak Reference
    _printf_pre_padding                       - Undefined Weak Reference
    _printf_truncate_signed                   - Undefined Weak Reference
    _printf_truncate_unsigned                 - Undefined Weak Reference
    _rand_init                                - Undefined Weak Reference
    _signal_finish                            - Undefined Weak Reference
    _signal_init                              - Undefined Weak Reference
    _terminate_alloc                          - Undefined Weak Reference
    _terminate_user_alloc                     - Undefined Weak Reference
    _terminateio                              - Undefined Weak Reference
    __Vectors_Size                           0x000000ec   Number         0  startup_stm32f10x_md.o ABSOLUTE
    __Vectors                                0x08000000   Data           4  startup_stm32f10x_md.o(RESET)
    __Vectors_End                            0x080000ec   Data           0  startup_stm32f10x_md.o(RESET)
    __main                                   0x080000ed   Thumb Code     8  __main.o(!!!main)
    __scatterload                            0x080000f5   Thumb Code     0  __scatter.o(!!!scatter)
    __scatterload_rt2                        0x080000f5   Thumb Code    44  __scatter.o(!!!scatter)
    __scatterload_rt2_thumb_only             0x080000f5   Thumb Code     0  __scatter.o(!!!scatter)
    __scatterload_null                       0x08000103   Thumb Code     0  __scatter.o(!!!scatter)
    __scatterload_copy                       0x08000129   Thumb Code    26  __scatter_copy.o(!!handler_copy)
    __scatterload_zeroinit                   0x08000145   Thumb Code    28  __scatter_zi.o(!!handler_zi)
    _printf_d                                0x08000161   Thumb Code     0  _printf_d.o(.ARM.Collect$$_printf_percent$$00000009)
    _printf_percent                          0x08000161   Thumb Code     0  _printf_percent.o(.ARM.Collect$$_printf_percent$$00000000)
    _printf_s                                0x08000167   Thumb Code     0  _printf_s.o(.ARM.Collect$$_printf_percent$$00000014)
    _printf_percent_end                      0x0800016d   Thumb Code     0  _printf_percent_end.o(.ARM.Collect$$_printf_percent$$00000017)
    __rt_lib_init                            0x08000171   Thumb Code     0  libinit.o(.ARM.Collect$$libinit$$00000000)
    __rt_lib_init_alloca_1                   0x08000173   Thumb Code     0  libinit2.o(.ARM.Collect$$libinit$$0000002E)
    __rt_lib_init_argv_1                     0x08000173   Thumb Code     0  libinit2.o(.ARM.Collect$$libinit$$0000002C)
    __rt_lib_init_atexit_1                   0x08000173   Thumb Code     0  libinit2.o(.ARM.Collect$$libinit$$0000001B)
    __rt_lib_init_clock_1                    0x08000173   Thumb Code     0  libinit2.o(.ARM.Collect$$libinit$$00000021)
    __rt_lib_init_cpp_1                      0x08000173   Thumb Code     0  libinit2.o(.ARM.Collect$$libinit$$00000032)
    __rt_lib_init_exceptions_1               0x08000173   Thumb Code     0  libinit2.o(.ARM.Collect$$libinit$$00000030)
    __rt_lib_init_fp_1                       0x08000173   Thumb Code     0  libinit2.o(.ARM.Collect$$libinit$$00000002)
    __rt_lib_init_fp_trap_1                  0x08000173   Thumb Code     0  libinit2.o(.ARM.Collect$$libinit$$0000001F)
    __rt_lib_init_getenv_1                   0x08000173   Thumb Code     0  libinit2.o(.ARM.Collect$$libinit$$00000023)
    __rt_lib_init_heap_1                     0x08000173   Thumb Code     0  libinit2.o(.ARM.Collect$$libinit$$0000000A)
    __rt_lib_init_lc_collate_1               0x08000173   Thumb Code     0  libinit2.o(.ARM.Collect$$libinit$$00000011)
    __rt_lib_init_lc_ctype_1                 0x08000173   Thumb Code     0  libinit2.o(.ARM.Collect$$libinit$$00000013)
    __rt_lib_init_lc_monetary_1              0x08000173   Thumb Code     0  libinit2.o(.ARM.Collect$$libinit$$00000015)
    __rt_lib_init_lc_numeric_1               0x08000173   Thumb Code     0  libinit2.o(.ARM.Collect$$libinit$$00000017)
    __rt_lib_init_lc_time_1                  0x08000173   Thumb Code     0  libinit2.o(.ARM.Collect$$libinit$$00000019)
    __rt_lib_init_preinit_1                  0x08000173   Thumb Code     0  libinit2.o(.ARM.Collect$$libinit$$00000004)
    __rt_lib_init_rand_1                     0x08000173   Thumb Code     0  libinit2.o(.ARM.Collect$$libinit$$0000000E)
    __rt_lib_init_return                     0x08000173   Thumb Code     0  libinit2.o(.ARM.Collect$$libinit$$00000033)
    __rt_lib_init_signal_1                   0x08000173   Thumb Code     0  libinit2.o(.ARM.Collect$$libinit$$0000001D)
    __rt_lib_init_stdio_1                    0x08000173   Thumb Code     0  libinit2.o(.ARM.Collect$$libinit$$00000025)
    __rt_lib_init_user_alloc_1               0x08000173   Thumb Code     0  libinit2.o(.ARM.Collect$$libinit$$0000000C)
    __rt_lib_shutdown                        0x08000175   Thumb Code     0  libshutdown.o(.ARM.Collect$$libshutdown$$00000000)
    __rt_lib_shutdown_cpp_1                  0x08000177   Thumb Code     0  libshutdown2.o(.ARM.Collect$$libshutdown$$00000002)
    __rt_lib_shutdown_fp_trap_1              0x08000177   Thumb Code     0  libshutdown2.o(.ARM.Collect$$libshutdown$$00000007)
    __rt_lib_shutdown_heap_1                 0x08000177   Thumb Code     0  libshutdown2.o(.ARM.Collect$$libshutdown$$0000000F)
    __rt_lib_shutdown_return                 0x08000177   Thumb Code     0  libshutdown2.o(.ARM.Collect$$libshutdown$$00000010)
    __rt_lib_shutdown_signal_1               0x08000177   Thumb Code     0  libshutdown2.o(.ARM.Collect$$libshutdown$$0000000A)
    __rt_lib_shutdown_stdio_1                0x08000177   Thumb Code     0  libshutdown2.o(.ARM.Collect$$libshutdown$$00000004)
    __rt_lib_shutdown_user_alloc_1           0x08000177   Thumb Code     0  libshutdown2.o(.ARM.Collect$$libshutdown$$0000000C)
    __rt_entry                               0x08000179   Thumb Code     0  __rtentry.o(.ARM.Collect$$rtentry$$00000000)
    __rt_entry_presh_1                       0x08000179   Thumb Code     0  __rtentry2.o(.ARM.Collect$$rtentry$$00000002)
    __rt_entry_sh                            0x08000179   Thumb Code     0  __rtentry4.o(.ARM.Collect$$rtentry$$00000004)
    __rt_entry_li                            0x0800017f   Thumb Code     0  __rtentry2.o(.ARM.Collect$$rtentry$$0000000A)
    __rt_entry_postsh_1                      0x0800017f   Thumb Code     0  __rtentry2.o(.ARM.Collect$$rtentry$$00000009)
    __rt_entry_main                          0x08000183   Thumb Code     0  __rtentry2.o(.ARM.Collect$$rtentry$$0000000D)
    __rt_entry_postli_1                      0x08000183   Thumb Code     0  __rtentry2.o(.ARM.Collect$$rtentry$$0000000C)
    __rt_exit                                0x0800018b   Thumb Code     0  rtexit.o(.ARM.Collect$$rtexit$$00000000)
    __rt_exit_ls                             0x0800018d   Thumb Code     0  rtexit2.o(.ARM.Collect$$rtexit$$00000003)
    __rt_exit_prels_1                        0x0800018d   Thumb Code     0  rtexit2.o(.ARM.Collect$$rtexit$$00000002)
    __rt_exit_exit                           0x08000191   Thumb Code     0  rtexit2.o(.ARM.Collect$$rtexit$$00000004)
    Reset_Handler                            0x08000199   Thumb Code     8  startup_stm32f10x_md.o(.text)
    ADC1_2_IRQHandler                        0x080001b3   Thumb Code     0  startup_stm32f10x_md.o(.text)
    CAN1_RX1_IRQHandler                      0x080001b3   Thumb Code     0  startup_stm32f10x_md.o(.text)
    CAN1_SCE_IRQHandler                      0x080001b3   Thumb Code     0  startup_stm32f10x_md.o(.text)
    DMA1_Channel1_IRQHandler                 0x080001b3   Thumb Code     0  startup_stm32f10x_md.o(.text)
    DMA1_Channel2_IRQHandler                 0x080001b3   Thumb Code     0  startup_stm32f10x_md.o(.text)
    DMA1_Channel3_IRQHandler                 0x080001b3   Thumb Code     0  startup_stm32f10x_md.o(.text)
    DMA1_Channel4_IRQHandler                 0x080001b3   Thumb Code     0  startup_stm32f10x_md.o(.text)
    DMA1_Channel5_IRQHandler                 0x080001b3   Thumb Code     0  startup_stm32f10x_md.o(.text)
    DMA1_Channel6_IRQHandler                 0x080001b3   Thumb Code     0  startup_stm32f10x_md.o(.text)
    DMA1_Channel7_IRQHandler                 0x080001b3   Thumb Code     0  startup_stm32f10x_md.o(.text)
    EXTI0_IRQHandler                         0x080001b3   Thumb Code     0  startup_stm32f10x_md.o(.text)
    EXTI15_10_IRQHandler                     0x080001b3   Thumb Code     0  startup_stm32f10x_md.o(.text)
    EXTI1_IRQHandler                         0x080001b3   Thumb Code     0  startup_stm32f10x_md.o(.text)
    EXTI2_IRQHandler                         0x080001b3   Thumb Code     0  startup_stm32f10x_md.o(.text)
    EXTI3_IRQHandler                         0x080001b3   Thumb Code     0  startup_stm32f10x_md.o(.text)
    EXTI4_IRQHandler                         0x080001b3   Thumb Code     0  startup_stm32f10x_md.o(.text)
    EXTI9_5_IRQHandler                       0x080001b3   Thumb Code     0  startup_stm32f10x_md.o(.text)
    FLASH_IRQHandler                         0x080001b3   Thumb Code     0  startup_stm32f10x_md.o(.text)
    I2C1_ER_IRQHandler                       0x080001b3   Thumb Code     0  startup_stm32f10x_md.o(.text)
    I2C1_EV_IRQHandler                       0x080001b3   Thumb Code     0  startup_stm32f10x_md.o(.text)
    I2C2_ER_IRQHandler                       0x080001b3   Thumb Code     0  startup_stm32f10x_md.o(.text)
    I2C2_EV_IRQHandler                       0x080001b3   Thumb Code     0  startup_stm32f10x_md.o(.text)
    PVD_IRQHandler                           0x080001b3   Thumb Code     0  startup_stm32f10x_md.o(.text)
    RCC_IRQHandler                           0x080001b3   Thumb Code     0  startup_stm32f10x_md.o(.text)
    RTCAlarm_IRQHandler                      0x080001b3   Thumb Code     0  startup_stm32f10x_md.o(.text)
    RTC_IRQHandler                           0x080001b3   Thumb Code     0  startup_stm32f10x_md.o(.text)
    SPI1_IRQHandler                          0x080001b3   Thumb Code     0  startup_stm32f10x_md.o(.text)
    SPI2_IRQHandler                          0x080001b3   Thumb Code     0  startup_stm32f10x_md.o(.text)
    TAMPER_IRQHandler                        0x080001b3   Thumb Code     0  startup_stm32f10x_md.o(.text)
    TIM1_BRK_IRQHandler                      0x080001b3   Thumb Code     0  startup_stm32f10x_md.o(.text)
    TIM1_CC_IRQHandler                       0x080001b3   Thumb Code     0  startup_stm32f10x_md.o(.text)
    TIM1_TRG_COM_IRQHandler                  0x080001b3   Thumb Code     0  startup_stm32f10x_md.o(.text)
    TIM1_UP_IRQHandler                       0x080001b3   Thumb Code     0  startup_stm32f10x_md.o(.text)
    TIM2_IRQHandler                          0x080001b3   Thumb Code     0  startup_stm32f10x_md.o(.text)
    TIM3_IRQHandler                          0x080001b3   Thumb Code     0  startup_stm32f10x_md.o(.text)
    USART1_IRQHandler                        0x080001b3   Thumb Code     0  startup_stm32f10x_md.o(.text)
    USART2_IRQHandler                        0x080001b3   Thumb Code     0  startup_stm32f10x_md.o(.text)
    USART3_IRQHandler                        0x080001b3   Thumb Code     0  startup_stm32f10x_md.o(.text)
    USBWakeUp_IRQHandler                     0x080001b3   Thumb Code     0  startup_stm32f10x_md.o(.text)
    USB_HP_CAN1_TX_IRQHandler                0x080001b3   Thumb Code     0  startup_stm32f10x_md.o(.text)
    USB_LP_CAN1_RX0_IRQHandler               0x080001b3   Thumb Code     0  startup_stm32f10x_md.o(.text)
    WWDG_IRQHandler                          0x080001b3   Thumb Code     0  startup_stm32f10x_md.o(.text)
    __user_initial_stackheap                 0x080001b5   Thumb Code     0  startup_stm32f10x_md.o(.text)
    __use_no_semihosting                     0x080001d9   Thumb Code     2  use_no_semi_2.o(.text)
    __2printf                                0x080001dd   Thumb Code    20  noretval__2printf.o(.text)
    __printf                                 0x080001f5   Thumb Code   104  __printf.o(.text)
    _printf_str                              0x0800025d   Thumb Code    82  _printf_str.o(.text)
    _printf_int_dec                          0x080002b1   Thumb Code   104  _printf_dec.o(.text)
    __use_two_region_memory                  0x08000329   Thumb Code     2  heapauxi.o(.text)
    __rt_heap_escrow$2region                 0x0800032b   Thumb Code     2  heapauxi.o(.text)
    __rt_heap_expand$2region                 0x0800032d   Thumb Code     2  heapauxi.o(.text)
    __I$use$semihosting                      0x0800032f   Thumb Code     0  use_no_semi.o(.text)
    __use_no_semihosting_swi                 0x0800032f   Thumb Code     2  use_no_semi.o(.text)
    _printf_int_common                       0x08000331   Thumb Code   178  _printf_intcommon.o(.text)
    _printf_cs_common                        0x080003e3   Thumb Code    20  _printf_char.o(.text)
    _printf_char                             0x080003f7   Thumb Code    16  _printf_char.o(.text)
    _printf_string                           0x08000407   Thumb Code     8  _printf_char.o(.text)
    _printf_char_file                        0x08000411   Thumb Code    32  _printf_char_file.o(.text)
    _printf_char_common                      0x0800043f   Thumb Code    32  _printf_char_common.o(.text)
    ferror                                   0x08000465   Thumb Code     8  ferror.o(.text)
    __user_setup_stackheap                   0x0800046d   Thumb Code    74  sys_stackheap_outer.o(.text)
    exit                                     0x080004b7   Thumb Code    18  exit.o(.text)
    __user_libspace                          0x080004c9   Thumb Code     8  libspace.o(.text)
    __user_perproc_libspace                  0x080004c9   Thumb Code     0  libspace.o(.text)
    __user_perthread_libspace                0x080004c9   Thumb Code     0  libspace.o(.text)
    BusFault_Handler                         0x080004d1   Thumb Code     4  stm32f10x_it.o(i.BusFault_Handler)
    DebugMon_Handler                         0x080004d5   Thumb Code     2  stm32f10x_it.o(i.DebugMon_Handler)
    GPIO_Init                                0x080004d9   Thumb Code   378  stm32f10x_gpio.o(i.GPIO_Init)
    GPIO_ResetBits                           0x08000699   Thumb Code    82  stm32f10x_gpio.o(i.GPIO_ResetBits)
    GPIO_SetBits                             0x08000731   Thumb Code    82  stm32f10x_gpio.o(i.GPIO_SetBits)
    HardFault_Handler                        0x080007c9   Thumb Code     4  stm32f10x_it.o(i.HardFault_Handler)
    LED0_Twinkling                           0x080007cd   Thumb Code    44  demo.o(i.LED0_Twinkling)
    LED1_On                                  0x08000801   Thumb Code    12  demo.o(i.LED1_On)
    LED_Init                                 0x08000811   Thumb Code    46  demo.o(i.LED_Init)
    MemManage_Handler                        0x08000845   Thumb Code     4  stm32f10x_it.o(i.MemManage_Handler)
    NMI_Handler                              0x08000849   Thumb Code     2  stm32f10x_it.o(i.NMI_Handler)
    NVIC_Init                                0x0800084d   Thumb Code   158  misc.o(i.NVIC_Init)
    NVIC_PriorityGroupConfig                 0x08000919   Thumb Code    54  misc.o(i.NVIC_PriorityGroupConfig)
    PendSV_Handler                           0x08000979   Thumb Code     2  stm32f10x_it.o(i.PendSV_Handler)
    RCC_APB1PeriphClockCmd                   0x0800097d   Thumb Code    70  stm32f10x_rcc.o(i.RCC_APB1PeriphClockCmd)
    RCC_APB2PeriphClockCmd                   0x080009f5   Thumb Code    70  stm32f10x_rcc.o(i.RCC_APB2PeriphClockCmd)
    RCC_GetClocksFreq                        0x08000a6d   Thumb Code   192  stm32f10x_rcc.o(i.RCC_GetClocksFreq)
    SVC_Handler                              0x08000b41   Thumb Code     2  stm32f10x_it.o(i.SVC_Handler)
    SysTick_Handler                          0x08000c2d   Thumb Code     2  stm32f10x_it.o(i.SysTick_Handler)
    SystemInit                               0x08000c31   Thumb Code    78  system_stm32f10x.o(i.SystemInit)
    TIM4_IRQHandler                          0x08000c91   Thumb Code    26  stm32f10x_it.o(i.TIM4_IRQHandler)
    TIM4_Init                                0x08000cb1   Thumb Code    72  timer.o(i.TIM4_Init)
    TIM4_NVIC_Config                         0x08000cfd   Thumb Code    42  timer.o(i.TIM4_NVIC_Config)
    TIM_ClearITPendingBit                    0x08000d29   Thumb Code   146  stm32f10x_tim.o(i.TIM_ClearITPendingBit)
    TIM_Cmd                                  0x08000e25   Thumb Code   162  stm32f10x_tim.o(i.TIM_Cmd)
    TIM_GetITStatus                          0x08000f31   Thumb Code   204  stm32f10x_tim.o(i.TIM_GetITStatus)
    TIM_ITConfig                             0x08001065   Thumb Code   178  stm32f10x_tim.o(i.TIM_ITConfig)
    TIM_TimeBaseInit                         0x08001181   Thumb Code   308  stm32f10x_tim.o(i.TIM_TimeBaseInit)
    USART1_Init                              0x0800131d   Thumb Code   112  usart.o(i.USART1_Init)
    USART_Cmd                                0x08001395   Thumb Code    90  stm32f10x_usart.o(i.USART_Cmd)
    USART_Init                               0x08001431   Thumb Code   450  stm32f10x_usart.o(i.USART_Init)
    UsageFault_Handler                       0x08001639   Thumb Code     4  stm32f10x_it.o(i.UsageFault_Handler)
    _sys_exit                                0x0800163d   Thumb Code     4  debug.o(i._sys_exit)
    assert_failed                            0x08001641   Thumb Code    18  main.o(i.assert_failed)
    fputc                                    0x08001685   Thumb Code    24  debug.o(i.fputc)
    main                                     0x080016a1   Thumb Code   114  main.o(i.main)
    nop                                      0x08001741   Thumb Code     2  demo.o(i.nop)
    softTimer_GetState                       0x08001745   Thumb Code    14  soft_timer.o(i.softTimer_GetState)
    softTimer_Start                          0x08001759   Thumb Code   136  soft_timer.o(i.softTimer_Start)
    softTimer_Update                         0x080017fd   Thumb Code   186  soft_timer.o(i.softTimer_Update)
    stringPrint                              0x080018d9   Thumb Code    34  demo.o(i.stringPrint)
    tickCnt_Get                              0x08001905   Thumb Code     6  soft_timer.o(i.tickCnt_Get)
    tickCnt_Update                           0x08001911   Thumb Code    12  soft_timer.o(i.tickCnt_Update)
    Region$$Table$$Base                      0x08001920   Number         0  anon$$obj.o(Region$$Table)
    Region$$Table$$Limit                     0x08001940   Number         0  anon$$obj.o(Region$$Table)
    __stdout                                 0x20000010   Data           4  debug.o(.data)
    __libspace_start                         0x2000011c   Data          96  libspace.o(.bss)
    __temporary_stack_top$libspace           0x2000017c   Data           0  libspace.o(.bss)



==============================================================================

Memory Map of the image

  Image Entry point : 0x080000ed

  Load Region LR_IROM1 (Base: 0x08000000, Size: 0x0000196c, Max: 0x00010000, ABSOLUTE)

    Execution Region ER_IROM1 (Exec base: 0x08000000, Load base: 0x08000000, Size: 0x00001940, Max: 0x00010000, ABSOLUTE)

    Exec Addr    Load Addr    Size         Type   Attr      Idx    E Section Name        Object

    0x08000000   0x08000000   0x000000ec   Data   RO         1483    RESET               startup_stm32f10x_md.o
    0x080000ec   0x080000ec   0x00000008   Code   RO         1527  * !!!main             c_w.l(__main.o)
    0x080000f4   0x080000f4   0x00000034   Code   RO         1695    !!!scatter          c_w.l(__scatter.o)
    0x08000128   0x08000128   0x0000001a   Code   RO         1697    !!handler_copy      c_w.l(__scatter_copy.o)
    0x08000142   0x08000142   0x00000002   PAD
    0x08000144   0x08000144   0x0000001c   Code   RO         1699    !!handler_zi        c_w.l(__scatter_zi.o)
    0x08000160   0x08000160   0x00000000   Code   RO         1524    .ARM.Collect$$_printf_percent$$00000000  c_w.l(_printf_percent.o)
    0x08000160   0x08000160   0x00000006   Code   RO         1523    .ARM.Collect$$_printf_percent$$00000009  c_w.l(_printf_d.o)
    0x08000166   0x08000166   0x00000006   Code   RO         1522    .ARM.Collect$$_printf_percent$$00000014  c_w.l(_printf_s.o)
    0x0800016c   0x0800016c   0x00000004   Code   RO         1538    .ARM.Collect$$_printf_percent$$00000017  c_w.l(_printf_percent_end.o)
    0x08000170   0x08000170   0x00000002   Code   RO         1571    .ARM.Collect$$libinit$$00000000  c_w.l(libinit.o)
    0x08000172   0x08000172   0x00000000   Code   RO         1578    .ARM.Collect$$libinit$$00000002  c_w.l(libinit2.o)
    0x08000172   0x08000172   0x00000000   Code   RO         1580    .ARM.Collect$$libinit$$00000004  c_w.l(libinit2.o)
    0x08000172   0x08000172   0x00000000   Code   RO         1583    .ARM.Collect$$libinit$$0000000A  c_w.l(libinit2.o)
    0x08000172   0x08000172   0x00000000   Code   RO         1585    .ARM.Collect$$libinit$$0000000C  c_w.l(libinit2.o)
    0x08000172   0x08000172   0x00000000   Code   RO         1587    .ARM.Collect$$libinit$$0000000E  c_w.l(libinit2.o)
    0x08000172   0x08000172   0x00000000   Code   RO         1590    .ARM.Collect$$libinit$$00000011  c_w.l(libinit2.o)
    0x08000172   0x08000172   0x00000000   Code   RO         1592    .ARM.Collect$$libinit$$00000013  c_w.l(libinit2.o)
    0x08000172   0x08000172   0x00000000   Code   RO         1594    .ARM.Collect$$libinit$$00000015  c_w.l(libinit2.o)
    0x08000172   0x08000172   0x00000000   Code   RO         1596    .ARM.Collect$$libinit$$00000017  c_w.l(libinit2.o)
    0x08000172   0x08000172   0x00000000   Code   RO         1598    .ARM.Collect$$libinit$$00000019  c_w.l(libinit2.o)
    0x08000172   0x08000172   0x00000000   Code   RO         1600    .ARM.Collect$$libinit$$0000001B  c_w.l(libinit2.o)
    0x08000172   0x08000172   0x00000000   Code   RO         1602    .ARM.Collect$$libinit$$0000001D  c_w.l(libinit2.o)
    0x08000172   0x08000172   0x00000000   Code   RO         1604    .ARM.Collect$$libinit$$0000001F  c_w.l(libinit2.o)
    0x08000172   0x08000172   0x00000000   Code   RO         1606    .ARM.Collect$$libinit$$00000021  c_w.l(libinit2.o)
    0x08000172   0x08000172   0x00000000   Code   RO         1608    .ARM.Collect$$libinit$$00000023  c_w.l(libinit2.o)
    0x08000172   0x08000172   0x00000000   Code   RO         1610    .ARM.Collect$$libinit$$00000025  c_w.l(libinit2.o)
    0x08000172   0x08000172   0x00000000   Code   RO         1614    .ARM.Collect$$libinit$$0000002C  c_w.l(libinit2.o)
    0x08000172   0x08000172   0x00000000   Code   RO         1616    .ARM.Collect$$libinit$$0000002E  c_w.l(libinit2.o)
    0x08000172   0x08000172   0x00000000   Code   RO         1618    .ARM.Collect$$libinit$$00000030  c_w.l(libinit2.o)
    0x08000172   0x08000172   0x00000000   Code   RO         1620    .ARM.Collect$$libinit$$00000032  c_w.l(libinit2.o)
    0x08000172   0x08000172   0x00000002   Code   RO         1621    .ARM.Collect$$libinit$$00000033  c_w.l(libinit2.o)
    0x08000174   0x08000174   0x00000002   Code   RO         1639    .ARM.Collect$$libshutdown$$00000000  c_w.l(libshutdown.o)
    0x08000176   0x08000176   0x00000000   Code   RO         1649    .ARM.Collect$$libshutdown$$00000002  c_w.l(libshutdown2.o)
    0x08000176   0x08000176   0x00000000   Code   RO         1651    .ARM.Collect$$libshutdown$$00000004  c_w.l(libshutdown2.o)
    0x08000176   0x08000176   0x00000000   Code   RO         1654    .ARM.Collect$$libshutdown$$00000007  c_w.l(libshutdown2.o)
    0x08000176   0x08000176   0x00000000   Code   RO         1657    .ARM.Collect$$libshutdown$$0000000A  c_w.l(libshutdown2.o)
    0x08000176   0x08000176   0x00000000   Code   RO         1659    .ARM.Collect$$libshutdown$$0000000C  c_w.l(libshutdown2.o)
    0x08000176   0x08000176   0x00000000   Code   RO         1662    .ARM.Collect$$libshutdown$$0000000F  c_w.l(libshutdown2.o)
    0x08000176   0x08000176   0x00000002   Code   RO         1663    .ARM.Collect$$libshutdown$$00000010  c_w.l(libshutdown2.o)
    0x08000178   0x08000178   0x00000000   Code   RO         1531    .ARM.Collect$$rtentry$$00000000  c_w.l(__rtentry.o)
    0x08000178   0x08000178   0x00000000   Code   RO         1540    .ARM.Collect$$rtentry$$00000002  c_w.l(__rtentry2.o)
    0x08000178   0x08000178   0x00000006   Code   RO         1552    .ARM.Collect$$rtentry$$00000004  c_w.l(__rtentry4.o)
    0x0800017e   0x0800017e   0x00000000   Code   RO         1542    .ARM.Collect$$rtentry$$00000009  c_w.l(__rtentry2.o)
    0x0800017e   0x0800017e   0x00000004   Code   RO         1543    .ARM.Collect$$rtentry$$0000000A  c_w.l(__rtentry2.o)
    0x08000182   0x08000182   0x00000000   Code   RO         1545    .ARM.Collect$$rtentry$$0000000C  c_w.l(__rtentry2.o)
    0x08000182   0x08000182   0x00000008   Code   RO         1546    .ARM.Collect$$rtentry$$0000000D  c_w.l(__rtentry2.o)
    0x0800018a   0x0800018a   0x00000002   Code   RO         1575    .ARM.Collect$$rtexit$$00000000  c_w.l(rtexit.o)
    0x0800018c   0x0800018c   0x00000000   Code   RO         1623    .ARM.Collect$$rtexit$$00000002  c_w.l(rtexit2.o)
    0x0800018c   0x0800018c   0x00000004   Code   RO         1624    .ARM.Collect$$rtexit$$00000003  c_w.l(rtexit2.o)
    0x08000190   0x08000190   0x00000006   Code   RO         1625    .ARM.Collect$$rtexit$$00000004  c_w.l(rtexit2.o)
    0x08000196   0x08000196   0x00000002   PAD
    0x08000198   0x08000198   0x00000040   Code   RO         1484    .text               startup_stm32f10x_md.o
    0x080001d8   0x080001d8   0x00000002   Code   RO         1490    .text               c_w.l(use_no_semi_2.o)
    0x080001da   0x080001da   0x00000002   PAD
    0x080001dc   0x080001dc   0x00000018   Code   RO         1494    .text               c_w.l(noretval__2printf.o)
    0x080001f4   0x080001f4   0x00000068   Code   RO         1496    .text               c_w.l(__printf.o)
    0x0800025c   0x0800025c   0x00000052   Code   RO         1498    .text               c_w.l(_printf_str.o)
    0x080002ae   0x080002ae   0x00000002   PAD
    0x080002b0   0x080002b0   0x00000078   Code   RO         1500    .text               c_w.l(_printf_dec.o)
    0x08000328   0x08000328   0x00000006   Code   RO         1525    .text               c_w.l(heapauxi.o)
    0x0800032e   0x0800032e   0x00000002   Code   RO         1529    .text               c_w.l(use_no_semi.o)
    0x08000330   0x08000330   0x000000b2   Code   RO         1532    .text               c_w.l(_printf_intcommon.o)
    0x080003e2   0x080003e2   0x0000002c   Code   RO         1534    .text               c_w.l(_printf_char.o)
    0x0800040e   0x0800040e   0x00000002   PAD
    0x08000410   0x08000410   0x00000024   Code   RO         1536    .text               c_w.l(_printf_char_file.o)
    0x08000434   0x08000434   0x00000030   Code   RO         1554    .text               c_w.l(_printf_char_common.o)
    0x08000464   0x08000464   0x00000008   Code   RO         1556    .text               c_w.l(ferror.o)
    0x0800046c   0x0800046c   0x0000004a   Code   RO         1560    .text               c_w.l(sys_stackheap_outer.o)
    0x080004b6   0x080004b6   0x00000012   Code   RO         1564    .text               c_w.l(exit.o)
    0x080004c8   0x080004c8   0x00000008   Code   RO         1572    .text               c_w.l(libspace.o)
    0x080004d0   0x080004d0   0x00000004   Code   RO          179    i.BusFault_Handler  stm32f10x_it.o
    0x080004d4   0x080004d4   0x00000002   Code   RO          180    i.DebugMon_Handler  stm32f10x_it.o
    0x080004d6   0x080004d6   0x00000002   PAD
    0x080004d8   0x080004d8   0x000001c0   Code   RO          600    i.GPIO_Init         stm32f10x_gpio.o
    0x08000698   0x08000698   0x00000098   Code   RO          607    i.GPIO_ResetBits    stm32f10x_gpio.o
    0x08000730   0x08000730   0x00000098   Code   RO          608    i.GPIO_SetBits      stm32f10x_gpio.o
    0x080007c8   0x080007c8   0x00000004   Code   RO          181    i.HardFault_Handler  stm32f10x_it.o
    0x080007cc   0x080007cc   0x00000034   Code   RO          279    i.LED0_Twinkling    demo.o
    0x08000800   0x08000800   0x00000010   Code   RO          280    i.LED1_On           demo.o
    0x08000810   0x08000810   0x00000034   Code   RO          281    i.LED_Init          demo.o
    0x08000844   0x08000844   0x00000004   Code   RO          182    i.MemManage_Handler  stm32f10x_it.o
    0x08000848   0x08000848   0x00000002   Code   RO          183    i.NMI_Handler       stm32f10x_it.o
    0x0800084a   0x0800084a   0x00000002   PAD
    0x0800084c   0x0800084c   0x000000cc   Code   RO          358    i.NVIC_Init         misc.o
    0x08000918   0x08000918   0x00000060   Code   RO          359    i.NVIC_PriorityGroupConfig  misc.o
    0x08000978   0x08000978   0x00000002   Code   RO          184    i.PendSV_Handler    stm32f10x_it.o
    0x0800097a   0x0800097a   0x00000002   PAD
    0x0800097c   0x0800097c   0x00000078   Code   RO          396    i.RCC_APB1PeriphClockCmd  stm32f10x_rcc.o
    0x080009f4   0x080009f4   0x00000078   Code   RO          398    i.RCC_APB2PeriphClockCmd  stm32f10x_rcc.o
    0x08000a6c   0x08000a6c   0x000000d4   Code   RO          406    i.RCC_GetClocksFreq  stm32f10x_rcc.o
    0x08000b40   0x08000b40   0x00000002   Code   RO          185    i.SVC_Handler       stm32f10x_it.o
    0x08000b42   0x08000b42   0x00000008   Code   RO         1436    i.SetSysClock       system_stm32f10x.o
    0x08000b4a   0x08000b4a   0x00000002   PAD
    0x08000b4c   0x08000b4c   0x000000e0   Code   RO         1437    i.SetSysClockTo72   system_stm32f10x.o
    0x08000c2c   0x08000c2c   0x00000002   Code   RO          186    i.SysTick_Handler   stm32f10x_it.o
    0x08000c2e   0x08000c2e   0x00000002   PAD
    0x08000c30   0x08000c30   0x00000060   Code   RO         1439    i.SystemInit        system_stm32f10x.o
    0x08000c90   0x08000c90   0x00000020   Code   RO          187    i.TIM4_IRQHandler   stm32f10x_it.o
    0x08000cb0   0x08000cb0   0x0000004c   Code   RO          322    i.TIM4_Init         timer.o
    0x08000cfc   0x08000cfc   0x0000002a   Code   RO          323    i.TIM4_NVIC_Config  timer.o
    0x08000d26   0x08000d26   0x00000002   PAD
    0x08000d28   0x08000d28   0x000000fc   Code   RO          899    i.TIM_ClearITPendingBit  stm32f10x_tim.o
    0x08000e24   0x08000e24   0x0000010c   Code   RO          904    i.TIM_Cmd           stm32f10x_tim.o
    0x08000f30   0x08000f30   0x00000134   Code   RO          925    i.TIM_GetITStatus   stm32f10x_tim.o
    0x08001064   0x08001064   0x0000011c   Code   RO          929    i.TIM_ITConfig      stm32f10x_tim.o
    0x08001180   0x08001180   0x0000019c   Code   RO          975    i.TIM_TimeBaseInit  stm32f10x_tim.o
    0x0800131c   0x0800131c   0x00000078   Code   RO          341    i.USART1_Init       usart.o
    0x08001394   0x08001394   0x0000009c   Code   RO          712    i.USART_Cmd         stm32f10x_usart.o
    0x08001430   0x08001430   0x00000208   Code   RO          719    i.USART_Init        stm32f10x_usart.o
    0x08001638   0x08001638   0x00000004   Code   RO          188    i.UsageFault_Handler  stm32f10x_it.o
    0x0800163c   0x0800163c   0x00000004   Code   RO          248    i._sys_exit         debug.o
    0x08001640   0x08001640   0x00000044   Code   RO            1    i.assert_failed     main.o
    0x08001684   0x08001684   0x0000001c   Code   RO          250    i.fputc             debug.o
    0x080016a0   0x080016a0   0x000000a0   Code   RO            2    i.main              main.o
    0x08001740   0x08001740   0x00000002   Code   RO          282    i.nop               demo.o
    0x08001742   0x08001742   0x00000002   PAD
    0x08001744   0x08001744   0x00000014   Code   RO          128    i.softTimer_GetState  soft_timer.o
    0x08001758   0x08001758   0x000000a4   Code   RO          130    i.softTimer_Start   soft_timer.o
    0x080017fc   0x080017fc   0x000000dc   Code   RO          132    i.softTimer_Update  soft_timer.o
    0x080018d8   0x080018d8   0x0000002c   Code   RO          283    i.stringPrint       demo.o
    0x08001904   0x08001904   0x0000000c   Code   RO          133    i.tickCnt_Get       soft_timer.o
    0x08001910   0x08001910   0x00000010   Code   RO          134    i.tickCnt_Update    soft_timer.o
    0x08001920   0x08001920   0x00000020   Data   RO         1693    Region$$Table       anon$$obj.o


    Execution Region RW_IRAM1 (Exec base: 0x20000000, Load base: 0x08001940, Size: 0x00000780, Max: 0x00005000, ABSOLUTE)

    Exec Addr    Load Addr    Size         Type   Attr      Idx    E Section Name        Object

    0x20000000   0x08001940   0x0000000a   Data   RW            3    .data               main.o
    0x2000000a   0x0800194a   0x00000002   PAD
    0x2000000c   0x0800194c   0x00000004   Data   RW          136    .data               soft_timer.o
    0x20000010   0x08001950   0x00000004   Data   RW          251    .data               debug.o
    0x20000014   0x08001954   0x00000001   Data   RW          284    .data               demo.o
    0x20000015   0x08001955   0x00000014   Data   RW          426    .data               stm32f10x_rcc.o
    0x20000029   0x08001969   0x00000003   PAD
    0x2000002c        -       0x000000f0   Zero   RW          135    .bss                soft_timer.o
    0x2000011c        -       0x00000060   Zero   RW         1573    .bss                c_w.l(libspace.o)
    0x2000017c   0x08001969   0x00000004   PAD
    0x20000180        -       0x00000200   Zero   RW         1482    HEAP                startup_stm32f10x_md.o
    0x20000380        -       0x00000400   Zero   RW         1481    STACK               startup_stm32f10x_md.o


==============================================================================

Image component sizes


      Code (inc. data)   RO Data    RW Data    ZI Data      Debug   Object Name

         0          0          0          0          0         32   core_cm3.o
        32          4          0          4          0       2698   debug.o
       166         28          0          1          0       2562   demo.o
       228         96          0         10          0     253971   main.o
       300         88          0          0          0       1667   misc.o
       432         78          0          4        240       3365   soft_timer.o
        64         26        236          0       1536        840   startup_stm32f10x_md.o
       752        210          0          0          0       3380   stm32f10x_gpio.o
        58          6          0          0          0       4424   stm32f10x_it.o
       452        120          0         20          0       4622   stm32f10x_rcc.o
      1524        526          0          0          0       4302   stm32f10x_tim.o
       676        136          0          0          0       3081   stm32f10x_usart.o
       328         28          0          0          0       2009   system_stm32f10x.o
       118          4          0          0          0       1079   timer.o
       120          8          0          0          0        650   usart.o

    ----------------------------------------------------------------------
      5264       1358        268         44       1776     288682   Object Totals
         0          0         32          0          0          0   (incl. Generated)
        14          0          0          5          0          0   (incl. Padding)

    ----------------------------------------------------------------------

      Code (inc. data)   RO Data    RW Data    ZI Data      Debug   Library Member Name

         8          0          0          0          0         68   __main.o
       104          0          0          0          0         84   __printf.o
         0          0          0          0          0          0   __rtentry.o
        12          0          0          0          0          0   __rtentry2.o
         6          0          0          0          0          0   __rtentry4.o
        52          8          0          0          0          0   __scatter.o
        26          0          0          0          0          0   __scatter_copy.o
        28          0          0          0          0          0   __scatter_zi.o
        44          0          0          0          0        108   _printf_char.o
        48          6          0          0          0         96   _printf_char_common.o
        36          4          0          0          0         80   _printf_char_file.o
         6          0          0          0          0          0   _printf_d.o
       120         16          0          0          0         92   _printf_dec.o
       178          0          0          0          0         88   _printf_intcommon.o
         0          0          0          0          0          0   _printf_percent.o
         4          0          0          0          0          0   _printf_percent_end.o
         6          0          0          0          0          0   _printf_s.o
        82          0          0          0          0         80   _printf_str.o
        18          0          0          0          0         80   exit.o
         8          0          0          0          0         68   ferror.o
         6          0          0          0          0        152   heapauxi.o
         2          0          0          0          0          0   libinit.o
         2          0          0          0          0          0   libinit2.o
         2          0          0          0          0          0   libshutdown.o
         2          0          0          0          0          0   libshutdown2.o
         8          4          0          0         96         68   libspace.o
        24          4          0          0          0         84   noretval__2printf.o
         2          0          0          0          0          0   rtexit.o
        10          0          0          0          0          0   rtexit2.o
        74          0          0          0          0         80   sys_stackheap_outer.o
         2          0          0          0          0         68   use_no_semi.o
         2          0          0          0          0         68   use_no_semi_2.o

    ----------------------------------------------------------------------
       932         42          0          0        100       1364   Library Totals
        10          0          0          0          4          0   (incl. Padding)

    ----------------------------------------------------------------------

      Code (inc. data)   RO Data    RW Data    ZI Data      Debug   Library Name

       922         42          0          0         96       1364   c_w.l

    ----------------------------------------------------------------------
       932         42          0          0        100       1364   Library Totals

    ----------------------------------------------------------------------

==============================================================================


      Code (inc. data)   RO Data    RW Data    ZI Data      Debug   

      6196       1400        268         44       1876     287338   Grand Totals
      6196       1400        268         44       1876     287338   ELF Image Totals
      6196       1400        268         44          0          0   ROM Totals

==============================================================================

    Total RO  Size (Code + RO Data)                 6464 (   6.31kB)
    Total RW  Size (RW Data + ZI Data)              1920 (   1.88kB)
    Total ROM Size (Code + RO Data + RW Data)       6508 (   6.36kB)

==============================================================================

